[2026-05-12T12:41:24.488+0000] {taskinstance.py:1956} INFO - Dependencies all met for dep_context=non-requeueable deps ti=<TaskInstance: job_market_etl.ingest_jobs manual__2026-05-12T12:37:23.364024+00:00 [queued]>
[2026-05-12T12:41:24.502+0000] {taskinstance.py:1956} INFO - Dependencies all met for dep_context=requeueable deps ti=<TaskInstance: job_market_etl.ingest_jobs manual__2026-05-12T12:37:23.364024+00:00 [queued]>
[2026-05-12T12:41:24.502+0000] {taskinstance.py:2170} INFO - Starting attempt 3 of 3
[2026-05-12T12:41:24.521+0000] {taskinstance.py:2191} INFO - Executing <Task(BashOperator): ingest_jobs> on 2026-05-12 12:37:23.364024+00:00
[2026-05-12T12:41:24.530+0000] {standard_task_runner.py:60} INFO - Started process 192 to run task
[2026-05-12T12:41:24.537+0000] {standard_task_runner.py:87} INFO - Running: ['***', 'tasks', 'run', 'job_market_etl', 'ingest_jobs', 'manual__2026-05-12T12:37:23.364024+00:00', '--job-id', '26', '--raw', '--subdir', 'DAGS_FOLDER/job_etl_dag.py', '--cfg-path', '/tmp/tmp5h_tfxqt']
[2026-05-12T12:41:24.541+0000] {standard_task_runner.py:88} INFO - Job 26: Subtask ingest_jobs
[2026-05-12T12:41:24.641+0000] {task_command.py:423} INFO - Running <TaskInstance: job_market_etl.ingest_jobs manual__2026-05-12T12:37:23.364024+00:00 [running]> on host 4d82dcfb06ce
[2026-05-12T12:41:24.762+0000] {taskinstance.py:2480} INFO - Exporting env vars: AIRFLOW_CTX_DAG_OWNER='Rajeev' AIRFLOW_CTX_DAG_ID='job_market_etl' AIRFLOW_CTX_TASK_ID='ingest_jobs' AIRFLOW_CTX_EXECUTION_DATE='2026-05-12T12:37:23.364024+00:00' AIRFLOW_CTX_TRY_NUMBER='3' AIRFLOW_CTX_DAG_RUN_ID='manual__2026-05-12T12:37:23.364024+00:00'
[2026-05-12T12:41:24.767+0000] {subprocess.py:63} INFO - Tmp dir root location: /tmp
[2026-05-12T12:41:24.769+0000] {subprocess.py:75} INFO - Running command: ['/usr/bin/bash', '-c', 'cd /opt/***/project && python pipelines/ingestion/load_real_jobs.py']
[2026-05-12T12:41:24.784+0000] {subprocess.py:86} INFO - Output:
[2026-05-12T12:41:25.892+0000] {subprocess.py:93} INFO - Traceback (most recent call last):
[2026-05-12T12:41:25.893+0000] {subprocess.py:93} INFO -   File "/home/***/.local/lib/python3.8/site-packages/sqlalchemy/engine/base.py", line 3371, in _wrap_pool_connect
[2026-05-12T12:41:25.893+0000] {subprocess.py:93} INFO -     return fn()
[2026-05-12T12:41:25.894+0000] {subprocess.py:93} INFO -   File "/home/***/.local/lib/python3.8/site-packages/sqlalchemy/pool/base.py", line 327, in connect
[2026-05-12T12:41:25.895+0000] {subprocess.py:93} INFO -     return _ConnectionFairy._checkout(self)
[2026-05-12T12:41:25.895+0000] {subprocess.py:93} INFO -   File "/home/***/.local/lib/python3.8/site-packages/sqlalchemy/pool/base.py", line 894, in _checkout
[2026-05-12T12:41:25.896+0000] {subprocess.py:93} INFO -     fairy = _ConnectionRecord.checkout(pool)
[2026-05-12T12:41:25.896+0000] {subprocess.py:93} INFO -   File "/home/***/.local/lib/python3.8/site-packages/sqlalchemy/pool/base.py", line 493, in checkout
[2026-05-12T12:41:25.897+0000] {subprocess.py:93} INFO -     rec = pool._do_get()
[2026-05-12T12:41:25.898+0000] {subprocess.py:93} INFO -   File "/home/***/.local/lib/python3.8/site-packages/sqlalchemy/pool/impl.py", line 146, in _do_get
[2026-05-12T12:41:25.899+0000] {subprocess.py:93} INFO -     self._dec_overflow()
[2026-05-12T12:41:25.899+0000] {subprocess.py:93} INFO -   File "/home/***/.local/lib/python3.8/site-packages/sqlalchemy/util/langhelpers.py", line 70, in __exit__
[2026-05-12T12:41:25.900+0000] {subprocess.py:93} INFO -     compat.raise_(
[2026-05-12T12:41:25.901+0000] {subprocess.py:93} INFO -   File "/home/***/.local/lib/python3.8/site-packages/sqlalchemy/util/compat.py", line 211, in raise_
[2026-05-12T12:41:25.902+0000] {subprocess.py:93} INFO -     raise exception
[2026-05-12T12:41:25.902+0000] {subprocess.py:93} INFO -   File "/home/***/.local/lib/python3.8/site-packages/sqlalchemy/pool/impl.py", line 143, in _do_get
[2026-05-12T12:41:25.903+0000] {subprocess.py:93} INFO -     return self._create_connection()
[2026-05-12T12:41:25.903+0000] {subprocess.py:93} INFO -   File "/home/***/.local/lib/python3.8/site-packages/sqlalchemy/pool/base.py", line 273, in _create_connection
[2026-05-12T12:41:25.904+0000] {subprocess.py:93} INFO -     return _ConnectionRecord(self)
[2026-05-12T12:41:25.905+0000] {subprocess.py:93} INFO -   File "/home/***/.local/lib/python3.8/site-packages/sqlalchemy/pool/base.py", line 388, in __init__
[2026-05-12T12:41:25.906+0000] {subprocess.py:93} INFO -     self.__connect()
[2026-05-12T12:41:25.907+0000] {subprocess.py:93} INFO -   File "/home/***/.local/lib/python3.8/site-packages/sqlalchemy/pool/base.py", line 691, in __connect
[2026-05-12T12:41:25.908+0000] {subprocess.py:93} INFO -     pool.logger.debug("Error on connect(): %s", e)
[2026-05-12T12:41:25.909+0000] {subprocess.py:93} INFO -   File "/home/***/.local/lib/python3.8/site-packages/sqlalchemy/util/langhelpers.py", line 70, in __exit__
[2026-05-12T12:41:25.909+0000] {subprocess.py:93} INFO -     compat.raise_(
[2026-05-12T12:41:25.910+0000] {subprocess.py:93} INFO -   File "/home/***/.local/lib/python3.8/site-packages/sqlalchemy/util/compat.py", line 211, in raise_
[2026-05-12T12:41:25.910+0000] {subprocess.py:93} INFO -     raise exception
[2026-05-12T12:41:25.911+0000] {subprocess.py:93} INFO -   File "/home/***/.local/lib/python3.8/site-packages/sqlalchemy/pool/base.py", line 686, in __connect
[2026-05-12T12:41:25.911+0000] {subprocess.py:93} INFO -     self.dbapi_connection = connection = pool._invoke_creator(self)
[2026-05-12T12:41:25.911+0000] {subprocess.py:93} INFO -   File "/home/***/.local/lib/python3.8/site-packages/sqlalchemy/engine/create.py", line 574, in connect
[2026-05-12T12:41:25.912+0000] {subprocess.py:93} INFO -     return dialect.connect(*cargs, **cparams)
[2026-05-12T12:41:25.913+0000] {subprocess.py:93} INFO -   File "/home/***/.local/lib/python3.8/site-packages/sqlalchemy/engine/default.py", line 598, in connect
[2026-05-12T12:41:25.913+0000] {subprocess.py:93} INFO -     return self.dbapi.connect(*cargs, **cparams)
[2026-05-12T12:41:25.914+0000] {subprocess.py:93} INFO -   File "/home/***/.local/lib/python3.8/site-packages/psycopg2/__init__.py", line 122, in connect
[2026-05-12T12:41:25.914+0000] {subprocess.py:93} INFO -     conn = _connect(dsn, connection_factory=connection_factory, **kwasync)
[2026-05-12T12:41:25.915+0000] {subprocess.py:93} INFO - psycopg2.OperationalError: connection to server at "***_postgres" (172.18.0.3), port 5432 failed: FATAL:  password authentication failed for user "postgres"
[2026-05-12T12:41:25.916+0000] {subprocess.py:93} INFO - 
[2026-05-12T12:41:25.916+0000] {subprocess.py:93} INFO - 
[2026-05-12T12:41:25.917+0000] {subprocess.py:93} INFO - The above exception was the direct cause of the following exception:
[2026-05-12T12:41:25.917+0000] {subprocess.py:93} INFO - 
[2026-05-12T12:41:25.918+0000] {subprocess.py:93} INFO - Traceback (most recent call last):
[2026-05-12T12:41:25.918+0000] {subprocess.py:93} INFO -   File "pipelines/ingestion/load_real_jobs.py", line 34, in <module>
[2026-05-12T12:41:25.919+0000] {subprocess.py:93} INFO -     df.to_sql(
[2026-05-12T12:41:25.919+0000] {subprocess.py:93} INFO -   File "/home/***/.local/lib/python3.8/site-packages/pandas/core/generic.py", line 2878, in to_sql
[2026-05-12T12:41:25.920+0000] {subprocess.py:93} INFO -     return sql.to_sql(
[2026-05-12T12:41:25.920+0000] {subprocess.py:93} INFO -   File "/home/***/.local/lib/python3.8/site-packages/pandas/io/sql.py", line 768, in to_sql
[2026-05-12T12:41:25.922+0000] {subprocess.py:93} INFO -     with pandasSQL_builder(con, schema=schema, need_transaction=True) as pandas_sql:
[2026-05-12T12:41:25.923+0000] {subprocess.py:93} INFO -   File "/home/***/.local/lib/python3.8/site-packages/pandas/io/sql.py", line 832, in pandasSQL_builder
[2026-05-12T12:41:25.925+0000] {subprocess.py:93} INFO -     return SQLDatabase(con, schema, need_transaction)
[2026-05-12T12:41:25.926+0000] {subprocess.py:93} INFO -   File "/home/***/.local/lib/python3.8/site-packages/pandas/io/sql.py", line 1539, in __init__
[2026-05-12T12:41:25.927+0000] {subprocess.py:93} INFO -     con = self.exit_stack.enter_context(con.connect())
[2026-05-12T12:41:25.928+0000] {subprocess.py:93} INFO -   File "/home/***/.local/lib/python3.8/site-packages/sqlalchemy/engine/base.py", line 3325, in connect
[2026-05-12T12:41:25.929+0000] {subprocess.py:93} INFO -     return self._connection_cls(self, close_with_result=close_with_result)
[2026-05-12T12:41:25.930+0000] {subprocess.py:93} INFO -   File "/home/***/.local/lib/python3.8/site-packages/sqlalchemy/engine/base.py", line 96, in __init__
[2026-05-12T12:41:25.930+0000] {subprocess.py:93} INFO -     else engine.raw_connection()
[2026-05-12T12:41:25.931+0000] {subprocess.py:93} INFO -   File "/home/***/.local/lib/python3.8/site-packages/sqlalchemy/engine/base.py", line 3404, in raw_connection
[2026-05-12T12:41:25.932+0000] {subprocess.py:93} INFO -     return self._wrap_pool_connect(self.pool.connect, _connection)
[2026-05-12T12:41:25.933+0000] {subprocess.py:93} INFO -   File "/home/***/.local/lib/python3.8/site-packages/sqlalchemy/engine/base.py", line 3374, in _wrap_pool_connect
[2026-05-12T12:41:25.934+0000] {subprocess.py:93} INFO -     Connection._handle_dbapi_exception_noconnection(
[2026-05-12T12:41:25.935+0000] {subprocess.py:93} INFO -   File "/home/***/.local/lib/python3.8/site-packages/sqlalchemy/engine/base.py", line 2208, in _handle_dbapi_exception_noconnection
[2026-05-12T12:41:25.936+0000] {subprocess.py:93} INFO -     util.raise_(
[2026-05-12T12:41:25.937+0000] {subprocess.py:93} INFO -   File "/home/***/.local/lib/python3.8/site-packages/sqlalchemy/util/compat.py", line 211, in raise_
[2026-05-12T12:41:25.939+0000] {subprocess.py:93} INFO -     raise exception
[2026-05-12T12:41:25.940+0000] {subprocess.py:93} INFO -   File "/home/***/.local/lib/python3.8/site-packages/sqlalchemy/engine/base.py", line 3371, in _wrap_pool_connect
[2026-05-12T12:41:25.941+0000] {subprocess.py:93} INFO -     return fn()
[2026-05-12T12:41:25.942+0000] {subprocess.py:93} INFO -   File "/home/***/.local/lib/python3.8/site-packages/sqlalchemy/pool/base.py", line 327, in connect
[2026-05-12T12:41:25.942+0000] {subprocess.py:93} INFO -     return _ConnectionFairy._checkout(self)
[2026-05-12T12:41:25.943+0000] {subprocess.py:93} INFO -   File "/home/***/.local/lib/python3.8/site-packages/sqlalchemy/pool/base.py", line 894, in _checkout
[2026-05-12T12:41:25.944+0000] {subprocess.py:93} INFO -     fairy = _ConnectionRecord.checkout(pool)
[2026-05-12T12:41:25.945+0000] {subprocess.py:93} INFO -   File "/home/***/.local/lib/python3.8/site-packages/sqlalchemy/pool/base.py", line 493, in checkout
[2026-05-12T12:41:25.946+0000] {subprocess.py:93} INFO -     rec = pool._do_get()
[2026-05-12T12:41:25.946+0000] {subprocess.py:93} INFO -   File "/home/***/.local/lib/python3.8/site-packages/sqlalchemy/pool/impl.py", line 146, in _do_get
[2026-05-12T12:41:25.947+0000] {subprocess.py:93} INFO -     self._dec_overflow()
[2026-05-12T12:41:25.948+0000] {subprocess.py:93} INFO -   File "/home/***/.local/lib/python3.8/site-packages/sqlalchemy/util/langhelpers.py", line 70, in __exit__
[2026-05-12T12:41:25.948+0000] {subprocess.py:93} INFO -     compat.raise_(
[2026-05-12T12:41:25.949+0000] {subprocess.py:93} INFO -   File "/home/***/.local/lib/python3.8/site-packages/sqlalchemy/util/compat.py", line 211, in raise_
[2026-05-12T12:41:25.950+0000] {subprocess.py:93} INFO -     raise exception
[2026-05-12T12:41:25.950+0000] {subprocess.py:93} INFO -   File "/home/***/.local/lib/python3.8/site-packages/sqlalchemy/pool/impl.py", line 143, in _do_get
[2026-05-12T12:41:25.951+0000] {subprocess.py:93} INFO -     return self._create_connection()
[2026-05-12T12:41:25.951+0000] {subprocess.py:93} INFO -   File "/home/***/.local/lib/python3.8/site-packages/sqlalchemy/pool/base.py", line 273, in _create_connection
[2026-05-12T12:41:25.952+0000] {subprocess.py:93} INFO -     return _ConnectionRecord(self)
[2026-05-12T12:41:25.953+0000] {subprocess.py:93} INFO -   File "/home/***/.local/lib/python3.8/site-packages/sqlalchemy/pool/base.py", line 388, in __init__
[2026-05-12T12:41:25.954+0000] {subprocess.py:93} INFO -     self.__connect()
[2026-05-12T12:41:25.955+0000] {subprocess.py:93} INFO -   File "/home/***/.local/lib/python3.8/site-packages/sqlalchemy/pool/base.py", line 691, in __connect
[2026-05-12T12:41:25.956+0000] {subprocess.py:93} INFO -     pool.logger.debug("Error on connect(): %s", e)
[2026-05-12T12:41:25.957+0000] {subprocess.py:93} INFO -   File "/home/***/.local/lib/python3.8/site-packages/sqlalchemy/util/langhelpers.py", line 70, in __exit__
[2026-05-12T12:41:25.958+0000] {subprocess.py:93} INFO -     compat.raise_(
[2026-05-12T12:41:25.959+0000] {subprocess.py:93} INFO -   File "/home/***/.local/lib/python3.8/site-packages/sqlalchemy/util/compat.py", line 211, in raise_
[2026-05-12T12:41:25.960+0000] {subprocess.py:93} INFO -     raise exception
[2026-05-12T12:41:25.960+0000] {subprocess.py:93} INFO -   File "/home/***/.local/lib/python3.8/site-packages/sqlalchemy/pool/base.py", line 686, in __connect
[2026-05-12T12:41:25.961+0000] {subprocess.py:93} INFO -     self.dbapi_connection = connection = pool._invoke_creator(self)
[2026-05-12T12:41:25.961+0000] {subprocess.py:93} INFO -   File "/home/***/.local/lib/python3.8/site-packages/sqlalchemy/engine/create.py", line 574, in connect
[2026-05-12T12:41:25.962+0000] {subprocess.py:93} INFO -     return dialect.connect(*cargs, **cparams)
[2026-05-12T12:41:25.963+0000] {subprocess.py:93} INFO -   File "/home/***/.local/lib/python3.8/site-packages/sqlalchemy/engine/default.py", line 598, in connect
[2026-05-12T12:41:25.963+0000] {subprocess.py:93} INFO -     return self.dbapi.connect(*cargs, **cparams)
[2026-05-12T12:41:25.964+0000] {subprocess.py:93} INFO -   File "/home/***/.local/lib/python3.8/site-packages/psycopg2/__init__.py", line 122, in connect
[2026-05-12T12:41:25.965+0000] {subprocess.py:93} INFO -     conn = _connect(dsn, connection_factory=connection_factory, **kwasync)
[2026-05-12T12:41:25.966+0000] {subprocess.py:93} INFO - sqlalchemy.exc.OperationalError: (psycopg2.OperationalError) connection to server at "***_postgres" (172.18.0.3), port 5432 failed: FATAL:  password authentication failed for user "postgres"
[2026-05-12T12:41:25.966+0000] {subprocess.py:93} INFO - 
[2026-05-12T12:41:25.967+0000] {subprocess.py:93} INFO - (Background on this error at: https://sqlalche.me/e/14/e3q8)
[2026-05-12T12:41:26.022+0000] {subprocess.py:97} INFO - Command exited with return code 1
[2026-05-12T12:41:26.040+0000] {taskinstance.py:2698} ERROR - Task failed with exception
Traceback (most recent call last):
  File "/home/airflow/.local/lib/python3.8/site-packages/airflow/models/taskinstance.py", line 433, in _execute_task
    result = execute_callable(context=context, **execute_callable_kwargs)
  File "/home/airflow/.local/lib/python3.8/site-packages/airflow/operators/bash.py", line 212, in execute
    raise AirflowException(
airflow.exceptions.AirflowException: Bash command failed. The command returned a non-zero exit code 1.
[2026-05-12T12:41:26.044+0000] {taskinstance.py:1138} INFO - Marking task as FAILED. dag_id=job_market_etl, task_id=ingest_jobs, execution_date=20260512T123723, start_date=20260512T124124, end_date=20260512T124126
[2026-05-12T12:41:26.077+0000] {standard_task_runner.py:107} ERROR - Failed to execute job 26 for task ingest_jobs (Bash command failed. The command returned a non-zero exit code 1.; 192)
[2026-05-12T12:41:26.118+0000] {local_task_job_runner.py:234} INFO - Task exited with return code 1
[2026-05-12T12:41:26.150+0000] {taskinstance.py:3280} INFO - 0 downstream tasks scheduled from follow-on schedule check
