[2026-05-12T11:49:54.147+0000] {taskinstance.py:1956} INFO - Dependencies all met for dep_context=non-requeueable deps ti=<TaskInstance: job_market_etl.ingest_jobs manual__2026-05-12T11:49:50.476478+00:00 [queued]>
[2026-05-12T11:49:54.158+0000] {taskinstance.py:1956} INFO - Dependencies all met for dep_context=requeueable deps ti=<TaskInstance: job_market_etl.ingest_jobs manual__2026-05-12T11:49:50.476478+00:00 [queued]>
[2026-05-12T11:49:54.159+0000] {taskinstance.py:2170} INFO - Starting attempt 1 of 1
[2026-05-12T11:49:54.177+0000] {taskinstance.py:2191} INFO - Executing <Task(BashOperator): ingest_jobs> on 2026-05-12 11:49:50.476478+00:00
[2026-05-12T11:49:54.185+0000] {standard_task_runner.py:60} INFO - Started process 2414 to run task
[2026-05-12T11:49:54.191+0000] {standard_task_runner.py:87} INFO - Running: ['***', 'tasks', 'run', 'job_market_etl', 'ingest_jobs', 'manual__2026-05-12T11:49:50.476478+00:00', '--job-id', '4', '--raw', '--subdir', 'DAGS_FOLDER/job_etl_dag.py', '--cfg-path', '/tmp/tmp2qgw8ym3']
[2026-05-12T11:49:54.194+0000] {standard_task_runner.py:88} INFO - Job 4: Subtask ingest_jobs
[2026-05-12T11:49:54.294+0000] {task_command.py:423} INFO - Running <TaskInstance: job_market_etl.ingest_jobs manual__2026-05-12T11:49:50.476478+00:00 [running]> on host 4d82dcfb06ce
[2026-05-12T11:49:54.408+0000] {taskinstance.py:2480} INFO - Exporting env vars: AIRFLOW_CTX_DAG_OWNER='Rajeev' AIRFLOW_CTX_DAG_ID='job_market_etl' AIRFLOW_CTX_TASK_ID='ingest_jobs' AIRFLOW_CTX_EXECUTION_DATE='2026-05-12T11:49:50.476478+00:00' AIRFLOW_CTX_TRY_NUMBER='1' AIRFLOW_CTX_DAG_RUN_ID='manual__2026-05-12T11:49:50.476478+00:00'
[2026-05-12T11:49:54.410+0000] {subprocess.py:63} INFO - Tmp dir root location: /tmp
[2026-05-12T11:49:54.413+0000] {subprocess.py:75} INFO - Running command: ['/usr/bin/bash', '-c', 'cd /opt/***/project && python pipelines/ingestion/load_real_jobs.py']
[2026-05-12T11:49:54.428+0000] {subprocess.py:86} INFO - Output:
[2026-05-12T11:49:55.553+0000] {subprocess.py:93} INFO - Traceback (most recent call last):
[2026-05-12T11:49:55.554+0000] {subprocess.py:93} INFO -   File "/home/***/.local/lib/python3.8/site-packages/sqlalchemy/engine/base.py", line 3371, in _wrap_pool_connect
[2026-05-12T11:49:55.554+0000] {subprocess.py:93} INFO -     return fn()
[2026-05-12T11:49:55.555+0000] {subprocess.py:93} INFO -   File "/home/***/.local/lib/python3.8/site-packages/sqlalchemy/pool/base.py", line 327, in connect
[2026-05-12T11:49:55.556+0000] {subprocess.py:93} INFO -     return _ConnectionFairy._checkout(self)
[2026-05-12T11:49:55.557+0000] {subprocess.py:93} INFO -   File "/home/***/.local/lib/python3.8/site-packages/sqlalchemy/pool/base.py", line 894, in _checkout
[2026-05-12T11:49:55.558+0000] {subprocess.py:93} INFO -     fairy = _ConnectionRecord.checkout(pool)
[2026-05-12T11:49:55.558+0000] {subprocess.py:93} INFO -   File "/home/***/.local/lib/python3.8/site-packages/sqlalchemy/pool/base.py", line 493, in checkout
[2026-05-12T11:49:55.559+0000] {subprocess.py:93} INFO -     rec = pool._do_get()
[2026-05-12T11:49:55.560+0000] {subprocess.py:93} INFO -   File "/home/***/.local/lib/python3.8/site-packages/sqlalchemy/pool/impl.py", line 146, in _do_get
[2026-05-12T11:49:55.561+0000] {subprocess.py:93} INFO -     self._dec_overflow()
[2026-05-12T11:49:55.562+0000] {subprocess.py:93} INFO -   File "/home/***/.local/lib/python3.8/site-packages/sqlalchemy/util/langhelpers.py", line 70, in __exit__
[2026-05-12T11:49:55.562+0000] {subprocess.py:93} INFO -     compat.raise_(
[2026-05-12T11:49:55.563+0000] {subprocess.py:93} INFO -   File "/home/***/.local/lib/python3.8/site-packages/sqlalchemy/util/compat.py", line 211, in raise_
[2026-05-12T11:49:55.564+0000] {subprocess.py:93} INFO -     raise exception
[2026-05-12T11:49:55.565+0000] {subprocess.py:93} INFO -   File "/home/***/.local/lib/python3.8/site-packages/sqlalchemy/pool/impl.py", line 143, in _do_get
[2026-05-12T11:49:55.565+0000] {subprocess.py:93} INFO -     return self._create_connection()
[2026-05-12T11:49:55.566+0000] {subprocess.py:93} INFO -   File "/home/***/.local/lib/python3.8/site-packages/sqlalchemy/pool/base.py", line 273, in _create_connection
[2026-05-12T11:49:55.567+0000] {subprocess.py:93} INFO -     return _ConnectionRecord(self)
[2026-05-12T11:49:55.568+0000] {subprocess.py:93} INFO -   File "/home/***/.local/lib/python3.8/site-packages/sqlalchemy/pool/base.py", line 388, in __init__
[2026-05-12T11:49:55.569+0000] {subprocess.py:93} INFO -     self.__connect()
[2026-05-12T11:49:55.570+0000] {subprocess.py:93} INFO -   File "/home/***/.local/lib/python3.8/site-packages/sqlalchemy/pool/base.py", line 691, in __connect
[2026-05-12T11:49:55.570+0000] {subprocess.py:93} INFO -     pool.logger.debug("Error on connect(): %s", e)
[2026-05-12T11:49:55.571+0000] {subprocess.py:93} INFO -   File "/home/***/.local/lib/python3.8/site-packages/sqlalchemy/util/langhelpers.py", line 70, in __exit__
[2026-05-12T11:49:55.571+0000] {subprocess.py:93} INFO -     compat.raise_(
[2026-05-12T11:49:55.572+0000] {subprocess.py:93} INFO -   File "/home/***/.local/lib/python3.8/site-packages/sqlalchemy/util/compat.py", line 211, in raise_
[2026-05-12T11:49:55.573+0000] {subprocess.py:93} INFO -     raise exception
[2026-05-12T11:49:55.574+0000] {subprocess.py:93} INFO -   File "/home/***/.local/lib/python3.8/site-packages/sqlalchemy/pool/base.py", line 686, in __connect
[2026-05-12T11:49:55.574+0000] {subprocess.py:93} INFO -     self.dbapi_connection = connection = pool._invoke_creator(self)
[2026-05-12T11:49:55.574+0000] {subprocess.py:93} INFO -   File "/home/***/.local/lib/python3.8/site-packages/sqlalchemy/engine/create.py", line 574, in connect
[2026-05-12T11:49:55.575+0000] {subprocess.py:93} INFO -     return dialect.connect(*cargs, **cparams)
[2026-05-12T11:49:55.576+0000] {subprocess.py:93} INFO -   File "/home/***/.local/lib/python3.8/site-packages/sqlalchemy/engine/default.py", line 598, in connect
[2026-05-12T11:49:55.577+0000] {subprocess.py:93} INFO -     return self.dbapi.connect(*cargs, **cparams)
[2026-05-12T11:49:55.577+0000] {subprocess.py:93} INFO -   File "/home/***/.local/lib/python3.8/site-packages/psycopg2/__init__.py", line 122, in connect
[2026-05-12T11:49:55.578+0000] {subprocess.py:93} INFO -     conn = _connect(dsn, connection_factory=connection_factory, **kwasync)
[2026-05-12T11:49:55.579+0000] {subprocess.py:93} INFO - psycopg2.OperationalError: connection to server at "localhost" (::1), port 5432 failed: Connection refused
[2026-05-12T11:49:55.580+0000] {subprocess.py:93} INFO - 	Is the server running on that host and accepting TCP/IP connections?
[2026-05-12T11:49:55.580+0000] {subprocess.py:93} INFO - connection to server at "localhost" (127.0.0.1), port 5432 failed: Connection refused
[2026-05-12T11:49:55.581+0000] {subprocess.py:93} INFO - 	Is the server running on that host and accepting TCP/IP connections?
[2026-05-12T11:49:55.581+0000] {subprocess.py:93} INFO - 
[2026-05-12T11:49:55.582+0000] {subprocess.py:93} INFO - 
[2026-05-12T11:49:55.582+0000] {subprocess.py:93} INFO - The above exception was the direct cause of the following exception:
[2026-05-12T11:49:55.583+0000] {subprocess.py:93} INFO - 
[2026-05-12T11:49:55.584+0000] {subprocess.py:93} INFO - Traceback (most recent call last):
[2026-05-12T11:49:55.585+0000] {subprocess.py:93} INFO -   File "pipelines/ingestion/load_real_jobs.py", line 34, in <module>
[2026-05-12T11:49:55.586+0000] {subprocess.py:93} INFO -     df.to_sql(
[2026-05-12T11:49:55.586+0000] {subprocess.py:93} INFO -   File "/home/***/.local/lib/python3.8/site-packages/pandas/core/generic.py", line 2878, in to_sql
[2026-05-12T11:49:55.587+0000] {subprocess.py:93} INFO -     return sql.to_sql(
[2026-05-12T11:49:55.587+0000] {subprocess.py:93} INFO -   File "/home/***/.local/lib/python3.8/site-packages/pandas/io/sql.py", line 768, in to_sql
[2026-05-12T11:49:55.588+0000] {subprocess.py:93} INFO -     with pandasSQL_builder(con, schema=schema, need_transaction=True) as pandas_sql:
[2026-05-12T11:49:55.589+0000] {subprocess.py:93} INFO -   File "/home/***/.local/lib/python3.8/site-packages/pandas/io/sql.py", line 832, in pandasSQL_builder
[2026-05-12T11:49:55.589+0000] {subprocess.py:93} INFO -     return SQLDatabase(con, schema, need_transaction)
[2026-05-12T11:49:55.590+0000] {subprocess.py:93} INFO -   File "/home/***/.local/lib/python3.8/site-packages/pandas/io/sql.py", line 1539, in __init__
[2026-05-12T11:49:55.592+0000] {subprocess.py:93} INFO -     con = self.exit_stack.enter_context(con.connect())
[2026-05-12T11:49:55.592+0000] {subprocess.py:93} INFO -   File "/home/***/.local/lib/python3.8/site-packages/sqlalchemy/engine/base.py", line 3325, in connect
[2026-05-12T11:49:55.593+0000] {subprocess.py:93} INFO -     return self._connection_cls(self, close_with_result=close_with_result)
[2026-05-12T11:49:55.594+0000] {subprocess.py:93} INFO -   File "/home/***/.local/lib/python3.8/site-packages/sqlalchemy/engine/base.py", line 96, in __init__
[2026-05-12T11:49:55.595+0000] {subprocess.py:93} INFO -     else engine.raw_connection()
[2026-05-12T11:49:55.596+0000] {subprocess.py:93} INFO -   File "/home/***/.local/lib/python3.8/site-packages/sqlalchemy/engine/base.py", line 3404, in raw_connection
[2026-05-12T11:49:55.597+0000] {subprocess.py:93} INFO -     return self._wrap_pool_connect(self.pool.connect, _connection)
[2026-05-12T11:49:55.597+0000] {subprocess.py:93} INFO -   File "/home/***/.local/lib/python3.8/site-packages/sqlalchemy/engine/base.py", line 3374, in _wrap_pool_connect
[2026-05-12T11:49:55.598+0000] {subprocess.py:93} INFO -     Connection._handle_dbapi_exception_noconnection(
[2026-05-12T11:49:55.599+0000] {subprocess.py:93} INFO -   File "/home/***/.local/lib/python3.8/site-packages/sqlalchemy/engine/base.py", line 2208, in _handle_dbapi_exception_noconnection
[2026-05-12T11:49:55.600+0000] {subprocess.py:93} INFO -     util.raise_(
[2026-05-12T11:49:55.601+0000] {subprocess.py:93} INFO -   File "/home/***/.local/lib/python3.8/site-packages/sqlalchemy/util/compat.py", line 211, in raise_
[2026-05-12T11:49:55.603+0000] {subprocess.py:93} INFO -     raise exception
[2026-05-12T11:49:55.603+0000] {subprocess.py:93} INFO -   File "/home/***/.local/lib/python3.8/site-packages/sqlalchemy/engine/base.py", line 3371, in _wrap_pool_connect
[2026-05-12T11:49:55.604+0000] {subprocess.py:93} INFO -     return fn()
[2026-05-12T11:49:55.605+0000] {subprocess.py:93} INFO -   File "/home/***/.local/lib/python3.8/site-packages/sqlalchemy/pool/base.py", line 327, in connect
[2026-05-12T11:49:55.606+0000] {subprocess.py:93} INFO -     return _ConnectionFairy._checkout(self)
[2026-05-12T11:49:55.607+0000] {subprocess.py:93} INFO -   File "/home/***/.local/lib/python3.8/site-packages/sqlalchemy/pool/base.py", line 894, in _checkout
[2026-05-12T11:49:55.608+0000] {subprocess.py:93} INFO -     fairy = _ConnectionRecord.checkout(pool)
[2026-05-12T11:49:55.609+0000] {subprocess.py:93} INFO -   File "/home/***/.local/lib/python3.8/site-packages/sqlalchemy/pool/base.py", line 493, in checkout
[2026-05-12T11:49:55.609+0000] {subprocess.py:93} INFO -     rec = pool._do_get()
[2026-05-12T11:49:55.610+0000] {subprocess.py:93} INFO -   File "/home/***/.local/lib/python3.8/site-packages/sqlalchemy/pool/impl.py", line 146, in _do_get
[2026-05-12T11:49:55.611+0000] {subprocess.py:93} INFO -     self._dec_overflow()
[2026-05-12T11:49:55.612+0000] {subprocess.py:93} INFO -   File "/home/***/.local/lib/python3.8/site-packages/sqlalchemy/util/langhelpers.py", line 70, in __exit__
[2026-05-12T11:49:55.612+0000] {subprocess.py:93} INFO -     compat.raise_(
[2026-05-12T11:49:55.613+0000] {subprocess.py:93} INFO -   File "/home/***/.local/lib/python3.8/site-packages/sqlalchemy/util/compat.py", line 211, in raise_
[2026-05-12T11:49:55.613+0000] {subprocess.py:93} INFO -     raise exception
[2026-05-12T11:49:55.614+0000] {subprocess.py:93} INFO -   File "/home/***/.local/lib/python3.8/site-packages/sqlalchemy/pool/impl.py", line 143, in _do_get
[2026-05-12T11:49:55.615+0000] {subprocess.py:93} INFO -     return self._create_connection()
[2026-05-12T11:49:55.616+0000] {subprocess.py:93} INFO -   File "/home/***/.local/lib/python3.8/site-packages/sqlalchemy/pool/base.py", line 273, in _create_connection
[2026-05-12T11:49:55.617+0000] {subprocess.py:93} INFO -     return _ConnectionRecord(self)
[2026-05-12T11:49:55.618+0000] {subprocess.py:93} INFO -   File "/home/***/.local/lib/python3.8/site-packages/sqlalchemy/pool/base.py", line 388, in __init__
[2026-05-12T11:49:55.619+0000] {subprocess.py:93} INFO -     self.__connect()
[2026-05-12T11:49:55.619+0000] {subprocess.py:93} INFO -   File "/home/***/.local/lib/python3.8/site-packages/sqlalchemy/pool/base.py", line 691, in __connect
[2026-05-12T11:49:55.620+0000] {subprocess.py:93} INFO -     pool.logger.debug("Error on connect(): %s", e)
[2026-05-12T11:49:55.621+0000] {subprocess.py:93} INFO -   File "/home/***/.local/lib/python3.8/site-packages/sqlalchemy/util/langhelpers.py", line 70, in __exit__
[2026-05-12T11:49:55.621+0000] {subprocess.py:93} INFO -     compat.raise_(
[2026-05-12T11:49:55.622+0000] {subprocess.py:93} INFO -   File "/home/***/.local/lib/python3.8/site-packages/sqlalchemy/util/compat.py", line 211, in raise_
[2026-05-12T11:49:55.623+0000] {subprocess.py:93} INFO -     raise exception
[2026-05-12T11:49:55.624+0000] {subprocess.py:93} INFO -   File "/home/***/.local/lib/python3.8/site-packages/sqlalchemy/pool/base.py", line 686, in __connect
[2026-05-12T11:49:55.625+0000] {subprocess.py:93} INFO -     self.dbapi_connection = connection = pool._invoke_creator(self)
[2026-05-12T11:49:55.626+0000] {subprocess.py:93} INFO -   File "/home/***/.local/lib/python3.8/site-packages/sqlalchemy/engine/create.py", line 574, in connect
[2026-05-12T11:49:55.627+0000] {subprocess.py:93} INFO -     return dialect.connect(*cargs, **cparams)
[2026-05-12T11:49:55.628+0000] {subprocess.py:93} INFO -   File "/home/***/.local/lib/python3.8/site-packages/sqlalchemy/engine/default.py", line 598, in connect
[2026-05-12T11:49:55.629+0000] {subprocess.py:93} INFO -     return self.dbapi.connect(*cargs, **cparams)
[2026-05-12T11:49:55.630+0000] {subprocess.py:93} INFO -   File "/home/***/.local/lib/python3.8/site-packages/psycopg2/__init__.py", line 122, in connect
[2026-05-12T11:49:55.631+0000] {subprocess.py:93} INFO -     conn = _connect(dsn, connection_factory=connection_factory, **kwasync)
[2026-05-12T11:49:55.632+0000] {subprocess.py:93} INFO - sqlalchemy.exc.OperationalError: (psycopg2.OperationalError) connection to server at "localhost" (::1), port 5432 failed: Connection refused
[2026-05-12T11:49:55.633+0000] {subprocess.py:93} INFO - 	Is the server running on that host and accepting TCP/IP connections?
[2026-05-12T11:49:55.634+0000] {subprocess.py:93} INFO - connection to server at "localhost" (127.0.0.1), port 5432 failed: Connection refused
[2026-05-12T11:49:55.634+0000] {subprocess.py:93} INFO - 	Is the server running on that host and accepting TCP/IP connections?
[2026-05-12T11:49:55.636+0000] {subprocess.py:93} INFO - 
[2026-05-12T11:49:55.636+0000] {subprocess.py:93} INFO - (Background on this error at: https://sqlalche.me/e/14/e3q8)
[2026-05-12T11:49:55.682+0000] {subprocess.py:97} INFO - Command exited with return code 1
[2026-05-12T11:49:55.701+0000] {taskinstance.py:2698} ERROR - Task failed with exception
Traceback (most recent call last):
  File "/home/airflow/.local/lib/python3.8/site-packages/airflow/models/taskinstance.py", line 433, in _execute_task
    result = execute_callable(context=context, **execute_callable_kwargs)
  File "/home/airflow/.local/lib/python3.8/site-packages/airflow/operators/bash.py", line 212, in execute
    raise AirflowException(
airflow.exceptions.AirflowException: Bash command failed. The command returned a non-zero exit code 1.
[2026-05-12T11:49:55.706+0000] {taskinstance.py:1138} INFO - Marking task as FAILED. dag_id=job_market_etl, task_id=ingest_jobs, execution_date=20260512T114950, start_date=20260512T114954, end_date=20260512T114955
[2026-05-12T11:49:55.730+0000] {standard_task_runner.py:107} ERROR - Failed to execute job 4 for task ingest_jobs (Bash command failed. The command returned a non-zero exit code 1.; 2414)
[2026-05-12T11:49:55.772+0000] {local_task_job_runner.py:234} INFO - Task exited with return code 1
[2026-05-12T11:49:55.807+0000] {taskinstance.py:3280} INFO - 0 downstream tasks scheduled from follow-on schedule check
