[2026-05-12T12:03:52.959+0000] {taskinstance.py:1956} INFO - Dependencies all met for dep_context=non-requeueable deps ti=<TaskInstance: job_market_etl.ingest_jobs manual__2026-05-12T11:57:55.010500+00:00 [queued]>
[2026-05-12T12:03:52.971+0000] {taskinstance.py:1956} INFO - Dependencies all met for dep_context=requeueable deps ti=<TaskInstance: job_market_etl.ingest_jobs manual__2026-05-12T11:57:55.010500+00:00 [queued]>
[2026-05-12T12:03:52.972+0000] {taskinstance.py:2170} INFO - Starting attempt 4 of 4
[2026-05-12T12:03:52.988+0000] {taskinstance.py:2191} INFO - Executing <Task(BashOperator): ingest_jobs> on 2026-05-12 11:57:55.010500+00:00
[2026-05-12T12:03:52.996+0000] {standard_task_runner.py:60} INFO - Started process 2806 to run task
[2026-05-12T12:03:53.001+0000] {standard_task_runner.py:87} INFO - Running: ['***', 'tasks', 'run', 'job_market_etl', 'ingest_jobs', 'manual__2026-05-12T11:57:55.010500+00:00', '--job-id', '17', '--raw', '--subdir', 'DAGS_FOLDER/job_etl_dag.py', '--cfg-path', '/tmp/tmplk41230t']
[2026-05-12T12:03:53.004+0000] {standard_task_runner.py:88} INFO - Job 17: Subtask ingest_jobs
[2026-05-12T12:03:53.116+0000] {task_command.py:423} INFO - Running <TaskInstance: job_market_etl.ingest_jobs manual__2026-05-12T11:57:55.010500+00:00 [running]> on host 4d82dcfb06ce
[2026-05-12T12:03:53.231+0000] {taskinstance.py:2480} INFO - Exporting env vars: AIRFLOW_CTX_DAG_OWNER='Rajeev' AIRFLOW_CTX_DAG_ID='job_market_etl' AIRFLOW_CTX_TASK_ID='ingest_jobs' AIRFLOW_CTX_EXECUTION_DATE='2026-05-12T11:57:55.010500+00:00' AIRFLOW_CTX_TRY_NUMBER='4' AIRFLOW_CTX_DAG_RUN_ID='manual__2026-05-12T11:57:55.010500+00:00'
[2026-05-12T12:03:53.234+0000] {subprocess.py:63} INFO - Tmp dir root location: /tmp
[2026-05-12T12:03:53.236+0000] {subprocess.py:75} INFO - Running command: ['/usr/bin/bash', '-c', 'cd /opt/***/project && python pipelines/ingestion/load_real_jobs.py']
[2026-05-12T12:03:53.252+0000] {subprocess.py:86} INFO - Output:
[2026-05-12T12:03:54.324+0000] {subprocess.py:93} INFO - Traceback (most recent call last):
[2026-05-12T12:03:54.325+0000] {subprocess.py:93} INFO -   File "/home/***/.local/lib/python3.8/site-packages/sqlalchemy/engine/base.py", line 3371, in _wrap_pool_connect
[2026-05-12T12:03:54.326+0000] {subprocess.py:93} INFO -     return fn()
[2026-05-12T12:03:54.327+0000] {subprocess.py:93} INFO -   File "/home/***/.local/lib/python3.8/site-packages/sqlalchemy/pool/base.py", line 327, in connect
[2026-05-12T12:03:54.328+0000] {subprocess.py:93} INFO -     return _ConnectionFairy._checkout(self)
[2026-05-12T12:03:54.329+0000] {subprocess.py:93} INFO -   File "/home/***/.local/lib/python3.8/site-packages/sqlalchemy/pool/base.py", line 894, in _checkout
[2026-05-12T12:03:54.330+0000] {subprocess.py:93} INFO -     fairy = _ConnectionRecord.checkout(pool)
[2026-05-12T12:03:54.332+0000] {subprocess.py:93} INFO -   File "/home/***/.local/lib/python3.8/site-packages/sqlalchemy/pool/base.py", line 493, in checkout
[2026-05-12T12:03:54.332+0000] {subprocess.py:93} INFO -     rec = pool._do_get()
[2026-05-12T12:03:54.333+0000] {subprocess.py:93} INFO -   File "/home/***/.local/lib/python3.8/site-packages/sqlalchemy/pool/impl.py", line 146, in _do_get
[2026-05-12T12:03:54.335+0000] {subprocess.py:93} INFO -     self._dec_overflow()
[2026-05-12T12:03:54.336+0000] {subprocess.py:93} INFO -   File "/home/***/.local/lib/python3.8/site-packages/sqlalchemy/util/langhelpers.py", line 70, in __exit__
[2026-05-12T12:03:54.337+0000] {subprocess.py:93} INFO -     compat.raise_(
[2026-05-12T12:03:54.338+0000] {subprocess.py:93} INFO -   File "/home/***/.local/lib/python3.8/site-packages/sqlalchemy/util/compat.py", line 211, in raise_
[2026-05-12T12:03:54.339+0000] {subprocess.py:93} INFO -     raise exception
[2026-05-12T12:03:54.340+0000] {subprocess.py:93} INFO -   File "/home/***/.local/lib/python3.8/site-packages/sqlalchemy/pool/impl.py", line 143, in _do_get
[2026-05-12T12:03:54.341+0000] {subprocess.py:93} INFO -     return self._create_connection()
[2026-05-12T12:03:54.342+0000] {subprocess.py:93} INFO -   File "/home/***/.local/lib/python3.8/site-packages/sqlalchemy/pool/base.py", line 273, in _create_connection
[2026-05-12T12:03:54.343+0000] {subprocess.py:93} INFO -     return _ConnectionRecord(self)
[2026-05-12T12:03:54.344+0000] {subprocess.py:93} INFO -   File "/home/***/.local/lib/python3.8/site-packages/sqlalchemy/pool/base.py", line 388, in __init__
[2026-05-12T12:03:54.345+0000] {subprocess.py:93} INFO -     self.__connect()
[2026-05-12T12:03:54.346+0000] {subprocess.py:93} INFO -   File "/home/***/.local/lib/python3.8/site-packages/sqlalchemy/pool/base.py", line 691, in __connect
[2026-05-12T12:03:54.347+0000] {subprocess.py:93} INFO -     pool.logger.debug("Error on connect(): %s", e)
[2026-05-12T12:03:54.348+0000] {subprocess.py:93} INFO -   File "/home/***/.local/lib/python3.8/site-packages/sqlalchemy/util/langhelpers.py", line 70, in __exit__
[2026-05-12T12:03:54.349+0000] {subprocess.py:93} INFO -     compat.raise_(
[2026-05-12T12:03:54.350+0000] {subprocess.py:93} INFO -   File "/home/***/.local/lib/python3.8/site-packages/sqlalchemy/util/compat.py", line 211, in raise_
[2026-05-12T12:03:54.350+0000] {subprocess.py:93} INFO -     raise exception
[2026-05-12T12:03:54.351+0000] {subprocess.py:93} INFO -   File "/home/***/.local/lib/python3.8/site-packages/sqlalchemy/pool/base.py", line 686, in __connect
[2026-05-12T12:03:54.352+0000] {subprocess.py:93} INFO -     self.dbapi_connection = connection = pool._invoke_creator(self)
[2026-05-12T12:03:54.353+0000] {subprocess.py:93} INFO -   File "/home/***/.local/lib/python3.8/site-packages/sqlalchemy/engine/create.py", line 574, in connect
[2026-05-12T12:03:54.353+0000] {subprocess.py:93} INFO -     return dialect.connect(*cargs, **cparams)
[2026-05-12T12:03:54.354+0000] {subprocess.py:93} INFO -   File "/home/***/.local/lib/python3.8/site-packages/sqlalchemy/engine/default.py", line 598, in connect
[2026-05-12T12:03:54.355+0000] {subprocess.py:93} INFO -     return self.dbapi.connect(*cargs, **cparams)
[2026-05-12T12:03:54.356+0000] {subprocess.py:93} INFO -   File "/home/***/.local/lib/python3.8/site-packages/psycopg2/__init__.py", line 122, in connect
[2026-05-12T12:03:54.357+0000] {subprocess.py:93} INFO -     conn = _connect(dsn, connection_factory=connection_factory, **kwasync)
[2026-05-12T12:03:54.357+0000] {subprocess.py:93} INFO - psycopg2.OperationalError: connection to server at "localhost" (::1), port 5432 failed: Connection refused
[2026-05-12T12:03:54.358+0000] {subprocess.py:93} INFO - 	Is the server running on that host and accepting TCP/IP connections?
[2026-05-12T12:03:54.359+0000] {subprocess.py:93} INFO - connection to server at "localhost" (127.0.0.1), port 5432 failed: Connection refused
[2026-05-12T12:03:54.360+0000] {subprocess.py:93} INFO - 	Is the server running on that host and accepting TCP/IP connections?
[2026-05-12T12:03:54.361+0000] {subprocess.py:93} INFO - 
[2026-05-12T12:03:54.362+0000] {subprocess.py:93} INFO - 
[2026-05-12T12:03:54.363+0000] {subprocess.py:93} INFO - The above exception was the direct cause of the following exception:
[2026-05-12T12:03:54.364+0000] {subprocess.py:93} INFO - 
[2026-05-12T12:03:54.366+0000] {subprocess.py:93} INFO - Traceback (most recent call last):
[2026-05-12T12:03:54.366+0000] {subprocess.py:93} INFO -   File "pipelines/ingestion/load_real_jobs.py", line 34, in <module>
[2026-05-12T12:03:54.367+0000] {subprocess.py:93} INFO -     df.to_sql(
[2026-05-12T12:03:54.368+0000] {subprocess.py:93} INFO -   File "/home/***/.local/lib/python3.8/site-packages/pandas/core/generic.py", line 2878, in to_sql
[2026-05-12T12:03:54.369+0000] {subprocess.py:93} INFO -     return sql.to_sql(
[2026-05-12T12:03:54.370+0000] {subprocess.py:93} INFO -   File "/home/***/.local/lib/python3.8/site-packages/pandas/io/sql.py", line 768, in to_sql
[2026-05-12T12:03:54.371+0000] {subprocess.py:93} INFO -     with pandasSQL_builder(con, schema=schema, need_transaction=True) as pandas_sql:
[2026-05-12T12:03:54.371+0000] {subprocess.py:93} INFO -   File "/home/***/.local/lib/python3.8/site-packages/pandas/io/sql.py", line 832, in pandasSQL_builder
[2026-05-12T12:03:54.372+0000] {subprocess.py:93} INFO -     return SQLDatabase(con, schema, need_transaction)
[2026-05-12T12:03:54.373+0000] {subprocess.py:93} INFO -   File "/home/***/.local/lib/python3.8/site-packages/pandas/io/sql.py", line 1539, in __init__
[2026-05-12T12:03:54.374+0000] {subprocess.py:93} INFO -     con = self.exit_stack.enter_context(con.connect())
[2026-05-12T12:03:54.374+0000] {subprocess.py:93} INFO -   File "/home/***/.local/lib/python3.8/site-packages/sqlalchemy/engine/base.py", line 3325, in connect
[2026-05-12T12:03:54.375+0000] {subprocess.py:93} INFO -     return self._connection_cls(self, close_with_result=close_with_result)
[2026-05-12T12:03:54.376+0000] {subprocess.py:93} INFO -   File "/home/***/.local/lib/python3.8/site-packages/sqlalchemy/engine/base.py", line 96, in __init__
[2026-05-12T12:03:54.376+0000] {subprocess.py:93} INFO -     else engine.raw_connection()
[2026-05-12T12:03:54.377+0000] {subprocess.py:93} INFO -   File "/home/***/.local/lib/python3.8/site-packages/sqlalchemy/engine/base.py", line 3404, in raw_connection
[2026-05-12T12:03:54.377+0000] {subprocess.py:93} INFO -     return self._wrap_pool_connect(self.pool.connect, _connection)
[2026-05-12T12:03:54.380+0000] {subprocess.py:93} INFO -   File "/home/***/.local/lib/python3.8/site-packages/sqlalchemy/engine/base.py", line 3374, in _wrap_pool_connect
[2026-05-12T12:03:54.381+0000] {subprocess.py:93} INFO -     Connection._handle_dbapi_exception_noconnection(
[2026-05-12T12:03:54.382+0000] {subprocess.py:93} INFO -   File "/home/***/.local/lib/python3.8/site-packages/sqlalchemy/engine/base.py", line 2208, in _handle_dbapi_exception_noconnection
[2026-05-12T12:03:54.383+0000] {subprocess.py:93} INFO -     util.raise_(
[2026-05-12T12:03:54.384+0000] {subprocess.py:93} INFO -   File "/home/***/.local/lib/python3.8/site-packages/sqlalchemy/util/compat.py", line 211, in raise_
[2026-05-12T12:03:54.385+0000] {subprocess.py:93} INFO -     raise exception
[2026-05-12T12:03:54.385+0000] {subprocess.py:93} INFO -   File "/home/***/.local/lib/python3.8/site-packages/sqlalchemy/engine/base.py", line 3371, in _wrap_pool_connect
[2026-05-12T12:03:54.386+0000] {subprocess.py:93} INFO -     return fn()
[2026-05-12T12:03:54.386+0000] {subprocess.py:93} INFO -   File "/home/***/.local/lib/python3.8/site-packages/sqlalchemy/pool/base.py", line 327, in connect
[2026-05-12T12:03:54.387+0000] {subprocess.py:93} INFO -     return _ConnectionFairy._checkout(self)
[2026-05-12T12:03:54.388+0000] {subprocess.py:93} INFO -   File "/home/***/.local/lib/python3.8/site-packages/sqlalchemy/pool/base.py", line 894, in _checkout
[2026-05-12T12:03:54.388+0000] {subprocess.py:93} INFO -     fairy = _ConnectionRecord.checkout(pool)
[2026-05-12T12:03:54.389+0000] {subprocess.py:93} INFO -   File "/home/***/.local/lib/python3.8/site-packages/sqlalchemy/pool/base.py", line 493, in checkout
[2026-05-12T12:03:54.389+0000] {subprocess.py:93} INFO -     rec = pool._do_get()
[2026-05-12T12:03:54.390+0000] {subprocess.py:93} INFO -   File "/home/***/.local/lib/python3.8/site-packages/sqlalchemy/pool/impl.py", line 146, in _do_get
[2026-05-12T12:03:54.390+0000] {subprocess.py:93} INFO -     self._dec_overflow()
[2026-05-12T12:03:54.391+0000] {subprocess.py:93} INFO -   File "/home/***/.local/lib/python3.8/site-packages/sqlalchemy/util/langhelpers.py", line 70, in __exit__
[2026-05-12T12:03:54.391+0000] {subprocess.py:93} INFO -     compat.raise_(
[2026-05-12T12:03:54.392+0000] {subprocess.py:93} INFO -   File "/home/***/.local/lib/python3.8/site-packages/sqlalchemy/util/compat.py", line 211, in raise_
[2026-05-12T12:03:54.392+0000] {subprocess.py:93} INFO -     raise exception
[2026-05-12T12:03:54.393+0000] {subprocess.py:93} INFO -   File "/home/***/.local/lib/python3.8/site-packages/sqlalchemy/pool/impl.py", line 143, in _do_get
[2026-05-12T12:03:54.393+0000] {subprocess.py:93} INFO -     return self._create_connection()
[2026-05-12T12:03:54.393+0000] {subprocess.py:93} INFO -   File "/home/***/.local/lib/python3.8/site-packages/sqlalchemy/pool/base.py", line 273, in _create_connection
[2026-05-12T12:03:54.394+0000] {subprocess.py:93} INFO -     return _ConnectionRecord(self)
[2026-05-12T12:03:54.395+0000] {subprocess.py:93} INFO -   File "/home/***/.local/lib/python3.8/site-packages/sqlalchemy/pool/base.py", line 388, in __init__
[2026-05-12T12:03:54.396+0000] {subprocess.py:93} INFO -     self.__connect()
[2026-05-12T12:03:54.397+0000] {subprocess.py:93} INFO -   File "/home/***/.local/lib/python3.8/site-packages/sqlalchemy/pool/base.py", line 691, in __connect
[2026-05-12T12:03:54.399+0000] {subprocess.py:93} INFO -     pool.logger.debug("Error on connect(): %s", e)
[2026-05-12T12:03:54.399+0000] {subprocess.py:93} INFO -   File "/home/***/.local/lib/python3.8/site-packages/sqlalchemy/util/langhelpers.py", line 70, in __exit__
[2026-05-12T12:03:54.400+0000] {subprocess.py:93} INFO -     compat.raise_(
[2026-05-12T12:03:54.401+0000] {subprocess.py:93} INFO -   File "/home/***/.local/lib/python3.8/site-packages/sqlalchemy/util/compat.py", line 211, in raise_
[2026-05-12T12:03:54.401+0000] {subprocess.py:93} INFO -     raise exception
[2026-05-12T12:03:54.402+0000] {subprocess.py:93} INFO -   File "/home/***/.local/lib/python3.8/site-packages/sqlalchemy/pool/base.py", line 686, in __connect
[2026-05-12T12:03:54.403+0000] {subprocess.py:93} INFO -     self.dbapi_connection = connection = pool._invoke_creator(self)
[2026-05-12T12:03:54.404+0000] {subprocess.py:93} INFO -   File "/home/***/.local/lib/python3.8/site-packages/sqlalchemy/engine/create.py", line 574, in connect
[2026-05-12T12:03:54.405+0000] {subprocess.py:93} INFO -     return dialect.connect(*cargs, **cparams)
[2026-05-12T12:03:54.406+0000] {subprocess.py:93} INFO -   File "/home/***/.local/lib/python3.8/site-packages/sqlalchemy/engine/default.py", line 598, in connect
[2026-05-12T12:03:54.407+0000] {subprocess.py:93} INFO -     return self.dbapi.connect(*cargs, **cparams)
[2026-05-12T12:03:54.408+0000] {subprocess.py:93} INFO -   File "/home/***/.local/lib/python3.8/site-packages/psycopg2/__init__.py", line 122, in connect
[2026-05-12T12:03:54.409+0000] {subprocess.py:93} INFO -     conn = _connect(dsn, connection_factory=connection_factory, **kwasync)
[2026-05-12T12:03:54.409+0000] {subprocess.py:93} INFO - sqlalchemy.exc.OperationalError: (psycopg2.OperationalError) connection to server at "localhost" (::1), port 5432 failed: Connection refused
[2026-05-12T12:03:54.410+0000] {subprocess.py:93} INFO - 	Is the server running on that host and accepting TCP/IP connections?
[2026-05-12T12:03:54.411+0000] {subprocess.py:93} INFO - connection to server at "localhost" (127.0.0.1), port 5432 failed: Connection refused
[2026-05-12T12:03:54.411+0000] {subprocess.py:93} INFO - 	Is the server running on that host and accepting TCP/IP connections?
[2026-05-12T12:03:54.413+0000] {subprocess.py:93} INFO - 
[2026-05-12T12:03:54.414+0000] {subprocess.py:93} INFO - (Background on this error at: https://sqlalche.me/e/14/e3q8)
[2026-05-12T12:03:54.459+0000] {subprocess.py:97} INFO - Command exited with return code 1
[2026-05-12T12:03:54.478+0000] {taskinstance.py:2698} ERROR - Task failed with exception
Traceback (most recent call last):
  File "/home/airflow/.local/lib/python3.8/site-packages/airflow/models/taskinstance.py", line 433, in _execute_task
    result = execute_callable(context=context, **execute_callable_kwargs)
  File "/home/airflow/.local/lib/python3.8/site-packages/airflow/operators/bash.py", line 212, in execute
    raise AirflowException(
airflow.exceptions.AirflowException: Bash command failed. The command returned a non-zero exit code 1.
[2026-05-12T12:03:54.482+0000] {taskinstance.py:1138} INFO - Marking task as FAILED. dag_id=job_market_etl, task_id=ingest_jobs, execution_date=20260512T115755, start_date=20260512T120352, end_date=20260512T120354
[2026-05-12T12:03:54.515+0000] {standard_task_runner.py:107} ERROR - Failed to execute job 17 for task ingest_jobs (Bash command failed. The command returned a non-zero exit code 1.; 2806)
[2026-05-12T12:03:54.545+0000] {local_task_job_runner.py:234} INFO - Task exited with return code 1
[2026-05-12T12:03:54.579+0000] {taskinstance.py:3280} INFO - 0 downstream tasks scheduled from follow-on schedule check
