[2026-05-12T11:52:02.927+0000] {taskinstance.py:1956} INFO - Dependencies all met for dep_context=non-requeueable deps ti=<TaskInstance: job_market_etl.ingest_jobs manual__2026-05-12T11:50:21.529452+00:00 [queued]>
[2026-05-12T11:52:02.938+0000] {taskinstance.py:1956} INFO - Dependencies all met for dep_context=requeueable deps ti=<TaskInstance: job_market_etl.ingest_jobs manual__2026-05-12T11:50:21.529452+00:00 [queued]>
[2026-05-12T11:52:02.939+0000] {taskinstance.py:2170} INFO - Starting attempt 2 of 2
[2026-05-12T11:52:02.957+0000] {taskinstance.py:2191} INFO - Executing <Task(BashOperator): ingest_jobs> on 2026-05-12 11:50:21.529452+00:00
[2026-05-12T11:52:02.966+0000] {standard_task_runner.py:60} INFO - Started process 2474 to run task
[2026-05-12T11:52:02.974+0000] {standard_task_runner.py:87} INFO - Running: ['***', 'tasks', 'run', 'job_market_etl', 'ingest_jobs', 'manual__2026-05-12T11:50:21.529452+00:00', '--job-id', '6', '--raw', '--subdir', 'DAGS_FOLDER/job_etl_dag.py', '--cfg-path', '/tmp/tmp4nwq51xh']
[2026-05-12T11:52:02.978+0000] {standard_task_runner.py:88} INFO - Job 6: Subtask ingest_jobs
[2026-05-12T11:52:03.080+0000] {task_command.py:423} INFO - Running <TaskInstance: job_market_etl.ingest_jobs manual__2026-05-12T11:50:21.529452+00:00 [running]> on host 4d82dcfb06ce
[2026-05-12T11:52:03.192+0000] {taskinstance.py:2480} INFO - Exporting env vars: AIRFLOW_CTX_DAG_OWNER='Rajeev' AIRFLOW_CTX_DAG_ID='job_market_etl' AIRFLOW_CTX_TASK_ID='ingest_jobs' AIRFLOW_CTX_EXECUTION_DATE='2026-05-12T11:50:21.529452+00:00' AIRFLOW_CTX_TRY_NUMBER='2' AIRFLOW_CTX_DAG_RUN_ID='manual__2026-05-12T11:50:21.529452+00:00'
[2026-05-12T11:52:03.193+0000] {subprocess.py:63} INFO - Tmp dir root location: /tmp
[2026-05-12T11:52:03.196+0000] {subprocess.py:75} INFO - Running command: ['/usr/bin/bash', '-c', 'cd /opt/***/project && python pipelines/ingestion/load_real_jobs.py']
[2026-05-12T11:52:03.211+0000] {subprocess.py:86} INFO - Output:
[2026-05-12T11:52:04.293+0000] {subprocess.py:93} INFO - Traceback (most recent call last):
[2026-05-12T11:52:04.294+0000] {subprocess.py:93} INFO -   File "/home/***/.local/lib/python3.8/site-packages/sqlalchemy/engine/base.py", line 3371, in _wrap_pool_connect
[2026-05-12T11:52:04.296+0000] {subprocess.py:93} INFO -     return fn()
[2026-05-12T11:52:04.297+0000] {subprocess.py:93} INFO -   File "/home/***/.local/lib/python3.8/site-packages/sqlalchemy/pool/base.py", line 327, in connect
[2026-05-12T11:52:04.297+0000] {subprocess.py:93} INFO -     return _ConnectionFairy._checkout(self)
[2026-05-12T11:52:04.298+0000] {subprocess.py:93} INFO -   File "/home/***/.local/lib/python3.8/site-packages/sqlalchemy/pool/base.py", line 894, in _checkout
[2026-05-12T11:52:04.299+0000] {subprocess.py:93} INFO -     fairy = _ConnectionRecord.checkout(pool)
[2026-05-12T11:52:04.300+0000] {subprocess.py:93} INFO -   File "/home/***/.local/lib/python3.8/site-packages/sqlalchemy/pool/base.py", line 493, in checkout
[2026-05-12T11:52:04.301+0000] {subprocess.py:93} INFO -     rec = pool._do_get()
[2026-05-12T11:52:04.303+0000] {subprocess.py:93} INFO -   File "/home/***/.local/lib/python3.8/site-packages/sqlalchemy/pool/impl.py", line 146, in _do_get
[2026-05-12T11:52:04.304+0000] {subprocess.py:93} INFO -     self._dec_overflow()
[2026-05-12T11:52:04.304+0000] {subprocess.py:93} INFO -   File "/home/***/.local/lib/python3.8/site-packages/sqlalchemy/util/langhelpers.py", line 70, in __exit__
[2026-05-12T11:52:04.305+0000] {subprocess.py:93} INFO -     compat.raise_(
[2026-05-12T11:52:04.305+0000] {subprocess.py:93} INFO -   File "/home/***/.local/lib/python3.8/site-packages/sqlalchemy/util/compat.py", line 211, in raise_
[2026-05-12T11:52:04.306+0000] {subprocess.py:93} INFO -     raise exception
[2026-05-12T11:52:04.306+0000] {subprocess.py:93} INFO -   File "/home/***/.local/lib/python3.8/site-packages/sqlalchemy/pool/impl.py", line 143, in _do_get
[2026-05-12T11:52:04.307+0000] {subprocess.py:93} INFO -     return self._create_connection()
[2026-05-12T11:52:04.308+0000] {subprocess.py:93} INFO -   File "/home/***/.local/lib/python3.8/site-packages/sqlalchemy/pool/base.py", line 273, in _create_connection
[2026-05-12T11:52:04.308+0000] {subprocess.py:93} INFO -     return _ConnectionRecord(self)
[2026-05-12T11:52:04.309+0000] {subprocess.py:93} INFO -   File "/home/***/.local/lib/python3.8/site-packages/sqlalchemy/pool/base.py", line 388, in __init__
[2026-05-12T11:52:04.309+0000] {subprocess.py:93} INFO -     self.__connect()
[2026-05-12T11:52:04.310+0000] {subprocess.py:93} INFO -   File "/home/***/.local/lib/python3.8/site-packages/sqlalchemy/pool/base.py", line 691, in __connect
[2026-05-12T11:52:04.311+0000] {subprocess.py:93} INFO -     pool.logger.debug("Error on connect(): %s", e)
[2026-05-12T11:52:04.311+0000] {subprocess.py:93} INFO -   File "/home/***/.local/lib/python3.8/site-packages/sqlalchemy/util/langhelpers.py", line 70, in __exit__
[2026-05-12T11:52:04.312+0000] {subprocess.py:93} INFO -     compat.raise_(
[2026-05-12T11:52:04.312+0000] {subprocess.py:93} INFO -   File "/home/***/.local/lib/python3.8/site-packages/sqlalchemy/util/compat.py", line 211, in raise_
[2026-05-12T11:52:04.313+0000] {subprocess.py:93} INFO -     raise exception
[2026-05-12T11:52:04.314+0000] {subprocess.py:93} INFO -   File "/home/***/.local/lib/python3.8/site-packages/sqlalchemy/pool/base.py", line 686, in __connect
[2026-05-12T11:52:04.315+0000] {subprocess.py:93} INFO -     self.dbapi_connection = connection = pool._invoke_creator(self)
[2026-05-12T11:52:04.315+0000] {subprocess.py:93} INFO -   File "/home/***/.local/lib/python3.8/site-packages/sqlalchemy/engine/create.py", line 574, in connect
[2026-05-12T11:52:04.316+0000] {subprocess.py:93} INFO -     return dialect.connect(*cargs, **cparams)
[2026-05-12T11:52:04.316+0000] {subprocess.py:93} INFO -   File "/home/***/.local/lib/python3.8/site-packages/sqlalchemy/engine/default.py", line 598, in connect
[2026-05-12T11:52:04.317+0000] {subprocess.py:93} INFO -     return self.dbapi.connect(*cargs, **cparams)
[2026-05-12T11:52:04.318+0000] {subprocess.py:93} INFO -   File "/home/***/.local/lib/python3.8/site-packages/psycopg2/__init__.py", line 122, in connect
[2026-05-12T11:52:04.319+0000] {subprocess.py:93} INFO -     conn = _connect(dsn, connection_factory=connection_factory, **kwasync)
[2026-05-12T11:52:04.321+0000] {subprocess.py:93} INFO - psycopg2.OperationalError: connection to server at "localhost" (::1), port 5432 failed: Connection refused
[2026-05-12T11:52:04.322+0000] {subprocess.py:93} INFO - 	Is the server running on that host and accepting TCP/IP connections?
[2026-05-12T11:52:04.322+0000] {subprocess.py:93} INFO - connection to server at "localhost" (127.0.0.1), port 5432 failed: Connection refused
[2026-05-12T11:52:04.323+0000] {subprocess.py:93} INFO - 	Is the server running on that host and accepting TCP/IP connections?
[2026-05-12T11:52:04.324+0000] {subprocess.py:93} INFO - 
[2026-05-12T11:52:04.325+0000] {subprocess.py:93} INFO - 
[2026-05-12T11:52:04.326+0000] {subprocess.py:93} INFO - The above exception was the direct cause of the following exception:
[2026-05-12T11:52:04.327+0000] {subprocess.py:93} INFO - 
[2026-05-12T11:52:04.328+0000] {subprocess.py:93} INFO - Traceback (most recent call last):
[2026-05-12T11:52:04.328+0000] {subprocess.py:93} INFO -   File "pipelines/ingestion/load_real_jobs.py", line 34, in <module>
[2026-05-12T11:52:04.329+0000] {subprocess.py:93} INFO -     df.to_sql(
[2026-05-12T11:52:04.330+0000] {subprocess.py:93} INFO -   File "/home/***/.local/lib/python3.8/site-packages/pandas/core/generic.py", line 2878, in to_sql
[2026-05-12T11:52:04.330+0000] {subprocess.py:93} INFO -     return sql.to_sql(
[2026-05-12T11:52:04.331+0000] {subprocess.py:93} INFO -   File "/home/***/.local/lib/python3.8/site-packages/pandas/io/sql.py", line 768, in to_sql
[2026-05-12T11:52:04.331+0000] {subprocess.py:93} INFO -     with pandasSQL_builder(con, schema=schema, need_transaction=True) as pandas_sql:
[2026-05-12T11:52:04.332+0000] {subprocess.py:93} INFO -   File "/home/***/.local/lib/python3.8/site-packages/pandas/io/sql.py", line 832, in pandasSQL_builder
[2026-05-12T11:52:04.333+0000] {subprocess.py:93} INFO -     return SQLDatabase(con, schema, need_transaction)
[2026-05-12T11:52:04.333+0000] {subprocess.py:93} INFO -   File "/home/***/.local/lib/python3.8/site-packages/pandas/io/sql.py", line 1539, in __init__
[2026-05-12T11:52:04.334+0000] {subprocess.py:93} INFO -     con = self.exit_stack.enter_context(con.connect())
[2026-05-12T11:52:04.335+0000] {subprocess.py:93} INFO -   File "/home/***/.local/lib/python3.8/site-packages/sqlalchemy/engine/base.py", line 3325, in connect
[2026-05-12T11:52:04.336+0000] {subprocess.py:93} INFO -     return self._connection_cls(self, close_with_result=close_with_result)
[2026-05-12T11:52:04.337+0000] {subprocess.py:93} INFO -   File "/home/***/.local/lib/python3.8/site-packages/sqlalchemy/engine/base.py", line 96, in __init__
[2026-05-12T11:52:04.338+0000] {subprocess.py:93} INFO -     else engine.raw_connection()
[2026-05-12T11:52:04.338+0000] {subprocess.py:93} INFO -   File "/home/***/.local/lib/python3.8/site-packages/sqlalchemy/engine/base.py", line 3404, in raw_connection
[2026-05-12T11:52:04.339+0000] {subprocess.py:93} INFO -     return self._wrap_pool_connect(self.pool.connect, _connection)
[2026-05-12T11:52:04.340+0000] {subprocess.py:93} INFO -   File "/home/***/.local/lib/python3.8/site-packages/sqlalchemy/engine/base.py", line 3374, in _wrap_pool_connect
[2026-05-12T11:52:04.340+0000] {subprocess.py:93} INFO -     Connection._handle_dbapi_exception_noconnection(
[2026-05-12T11:52:04.341+0000] {subprocess.py:93} INFO -   File "/home/***/.local/lib/python3.8/site-packages/sqlalchemy/engine/base.py", line 2208, in _handle_dbapi_exception_noconnection
[2026-05-12T11:52:04.342+0000] {subprocess.py:93} INFO -     util.raise_(
[2026-05-12T11:52:04.342+0000] {subprocess.py:93} INFO -   File "/home/***/.local/lib/python3.8/site-packages/sqlalchemy/util/compat.py", line 211, in raise_
[2026-05-12T11:52:04.342+0000] {subprocess.py:93} INFO -     raise exception
[2026-05-12T11:52:04.343+0000] {subprocess.py:93} INFO -   File "/home/***/.local/lib/python3.8/site-packages/sqlalchemy/engine/base.py", line 3371, in _wrap_pool_connect
[2026-05-12T11:52:04.343+0000] {subprocess.py:93} INFO -     return fn()
[2026-05-12T11:52:04.344+0000] {subprocess.py:93} INFO -   File "/home/***/.local/lib/python3.8/site-packages/sqlalchemy/pool/base.py", line 327, in connect
[2026-05-12T11:52:04.344+0000] {subprocess.py:93} INFO -     return _ConnectionFairy._checkout(self)
[2026-05-12T11:52:04.345+0000] {subprocess.py:93} INFO -   File "/home/***/.local/lib/python3.8/site-packages/sqlalchemy/pool/base.py", line 894, in _checkout
[2026-05-12T11:52:04.345+0000] {subprocess.py:93} INFO -     fairy = _ConnectionRecord.checkout(pool)
[2026-05-12T11:52:04.346+0000] {subprocess.py:93} INFO -   File "/home/***/.local/lib/python3.8/site-packages/sqlalchemy/pool/base.py", line 493, in checkout
[2026-05-12T11:52:04.346+0000] {subprocess.py:93} INFO -     rec = pool._do_get()
[2026-05-12T11:52:04.347+0000] {subprocess.py:93} INFO -   File "/home/***/.local/lib/python3.8/site-packages/sqlalchemy/pool/impl.py", line 146, in _do_get
[2026-05-12T11:52:04.347+0000] {subprocess.py:93} INFO -     self._dec_overflow()
[2026-05-12T11:52:04.347+0000] {subprocess.py:93} INFO -   File "/home/***/.local/lib/python3.8/site-packages/sqlalchemy/util/langhelpers.py", line 70, in __exit__
[2026-05-12T11:52:04.348+0000] {subprocess.py:93} INFO -     compat.raise_(
[2026-05-12T11:52:04.348+0000] {subprocess.py:93} INFO -   File "/home/***/.local/lib/python3.8/site-packages/sqlalchemy/util/compat.py", line 211, in raise_
[2026-05-12T11:52:04.349+0000] {subprocess.py:93} INFO -     raise exception
[2026-05-12T11:52:04.349+0000] {subprocess.py:93} INFO -   File "/home/***/.local/lib/python3.8/site-packages/sqlalchemy/pool/impl.py", line 143, in _do_get
[2026-05-12T11:52:04.349+0000] {subprocess.py:93} INFO -     return self._create_connection()
[2026-05-12T11:52:04.350+0000] {subprocess.py:93} INFO -   File "/home/***/.local/lib/python3.8/site-packages/sqlalchemy/pool/base.py", line 273, in _create_connection
[2026-05-12T11:52:04.350+0000] {subprocess.py:93} INFO -     return _ConnectionRecord(self)
[2026-05-12T11:52:04.351+0000] {subprocess.py:93} INFO -   File "/home/***/.local/lib/python3.8/site-packages/sqlalchemy/pool/base.py", line 388, in __init__
[2026-05-12T11:52:04.353+0000] {subprocess.py:93} INFO -     self.__connect()
[2026-05-12T11:52:04.354+0000] {subprocess.py:93} INFO -   File "/home/***/.local/lib/python3.8/site-packages/sqlalchemy/pool/base.py", line 691, in __connect
[2026-05-12T11:52:04.354+0000] {subprocess.py:93} INFO -     pool.logger.debug("Error on connect(): %s", e)
[2026-05-12T11:52:04.355+0000] {subprocess.py:93} INFO -   File "/home/***/.local/lib/python3.8/site-packages/sqlalchemy/util/langhelpers.py", line 70, in __exit__
[2026-05-12T11:52:04.356+0000] {subprocess.py:93} INFO -     compat.raise_(
[2026-05-12T11:52:04.356+0000] {subprocess.py:93} INFO -   File "/home/***/.local/lib/python3.8/site-packages/sqlalchemy/util/compat.py", line 211, in raise_
[2026-05-12T11:52:04.357+0000] {subprocess.py:93} INFO -     raise exception
[2026-05-12T11:52:04.357+0000] {subprocess.py:93} INFO -   File "/home/***/.local/lib/python3.8/site-packages/sqlalchemy/pool/base.py", line 686, in __connect
[2026-05-12T11:52:04.358+0000] {subprocess.py:93} INFO -     self.dbapi_connection = connection = pool._invoke_creator(self)
[2026-05-12T11:52:04.358+0000] {subprocess.py:93} INFO -   File "/home/***/.local/lib/python3.8/site-packages/sqlalchemy/engine/create.py", line 574, in connect
[2026-05-12T11:52:04.359+0000] {subprocess.py:93} INFO -     return dialect.connect(*cargs, **cparams)
[2026-05-12T11:52:04.359+0000] {subprocess.py:93} INFO -   File "/home/***/.local/lib/python3.8/site-packages/sqlalchemy/engine/default.py", line 598, in connect
[2026-05-12T11:52:04.360+0000] {subprocess.py:93} INFO -     return self.dbapi.connect(*cargs, **cparams)
[2026-05-12T11:52:04.361+0000] {subprocess.py:93} INFO -   File "/home/***/.local/lib/python3.8/site-packages/psycopg2/__init__.py", line 122, in connect
[2026-05-12T11:52:04.362+0000] {subprocess.py:93} INFO -     conn = _connect(dsn, connection_factory=connection_factory, **kwasync)
[2026-05-12T11:52:04.362+0000] {subprocess.py:93} INFO - sqlalchemy.exc.OperationalError: (psycopg2.OperationalError) connection to server at "localhost" (::1), port 5432 failed: Connection refused
[2026-05-12T11:52:04.363+0000] {subprocess.py:93} INFO - 	Is the server running on that host and accepting TCP/IP connections?
[2026-05-12T11:52:04.363+0000] {subprocess.py:93} INFO - connection to server at "localhost" (127.0.0.1), port 5432 failed: Connection refused
[2026-05-12T11:52:04.364+0000] {subprocess.py:93} INFO - 	Is the server running on that host and accepting TCP/IP connections?
[2026-05-12T11:52:04.364+0000] {subprocess.py:93} INFO - 
[2026-05-12T11:52:04.365+0000] {subprocess.py:93} INFO - (Background on this error at: https://sqlalche.me/e/14/e3q8)
[2026-05-12T11:52:04.416+0000] {subprocess.py:97} INFO - Command exited with return code 1
[2026-05-12T11:52:04.435+0000] {taskinstance.py:2698} ERROR - Task failed with exception
Traceback (most recent call last):
  File "/home/airflow/.local/lib/python3.8/site-packages/airflow/models/taskinstance.py", line 433, in _execute_task
    result = execute_callable(context=context, **execute_callable_kwargs)
  File "/home/airflow/.local/lib/python3.8/site-packages/airflow/operators/bash.py", line 212, in execute
    raise AirflowException(
airflow.exceptions.AirflowException: Bash command failed. The command returned a non-zero exit code 1.
[2026-05-12T11:52:04.439+0000] {taskinstance.py:1138} INFO - Marking task as FAILED. dag_id=job_market_etl, task_id=ingest_jobs, execution_date=20260512T115021, start_date=20260512T115202, end_date=20260512T115204
[2026-05-12T11:52:04.457+0000] {standard_task_runner.py:107} ERROR - Failed to execute job 6 for task ingest_jobs (Bash command failed. The command returned a non-zero exit code 1.; 2474)
[2026-05-12T11:52:04.477+0000] {local_task_job_runner.py:234} INFO - Task exited with return code 1
[2026-05-12T11:52:04.510+0000] {taskinstance.py:3280} INFO - 0 downstream tasks scheduled from follow-on schedule check
