[2026-05-12T12:55:00.417+0000] {taskinstance.py:1956} INFO - Dependencies all met for dep_context=non-requeueable deps ti=<TaskInstance: job_market_etl.ingest_jobs manual__2026-05-12T12:41:22.928902+00:00 [queued]>
[2026-05-12T12:55:00.433+0000] {taskinstance.py:1956} INFO - Dependencies all met for dep_context=requeueable deps ti=<TaskInstance: job_market_etl.ingest_jobs manual__2026-05-12T12:41:22.928902+00:00 [queued]>
[2026-05-12T12:55:00.434+0000] {taskinstance.py:2170} INFO - Starting attempt 5 of 5
[2026-05-12T12:55:00.452+0000] {taskinstance.py:2191} INFO - Executing <Task(BashOperator): ingest_jobs> on 2026-05-12 12:41:22.928902+00:00
[2026-05-12T12:55:00.462+0000] {standard_task_runner.py:60} INFO - Started process 611 to run task
[2026-05-12T12:55:00.467+0000] {standard_task_runner.py:87} INFO - Running: ['***', 'tasks', 'run', 'job_market_etl', 'ingest_jobs', 'manual__2026-05-12T12:41:22.928902+00:00', '--job-id', '40', '--raw', '--subdir', 'DAGS_FOLDER/job_etl_dag.py', '--cfg-path', '/tmp/tmp8od63xru']
[2026-05-12T12:55:00.471+0000] {standard_task_runner.py:88} INFO - Job 40: Subtask ingest_jobs
[2026-05-12T12:55:00.576+0000] {task_command.py:423} INFO - Running <TaskInstance: job_market_etl.ingest_jobs manual__2026-05-12T12:41:22.928902+00:00 [running]> on host 4d82dcfb06ce
[2026-05-12T12:55:00.691+0000] {taskinstance.py:2480} INFO - Exporting env vars: AIRFLOW_CTX_DAG_OWNER='Rajeev' AIRFLOW_CTX_DAG_ID='job_market_etl' AIRFLOW_CTX_TASK_ID='ingest_jobs' AIRFLOW_CTX_EXECUTION_DATE='2026-05-12T12:41:22.928902+00:00' AIRFLOW_CTX_TRY_NUMBER='5' AIRFLOW_CTX_DAG_RUN_ID='manual__2026-05-12T12:41:22.928902+00:00'
[2026-05-12T12:55:00.693+0000] {subprocess.py:63} INFO - Tmp dir root location: /tmp
[2026-05-12T12:55:00.695+0000] {subprocess.py:75} INFO - Running command: ['/usr/bin/bash', '-c', 'cd /opt/***/project && python pipelines/ingestion/load_real_jobs.py']
[2026-05-12T12:55:00.711+0000] {subprocess.py:86} INFO - Output:
[2026-05-12T12:55:01.837+0000] {subprocess.py:93} INFO - Traceback (most recent call last):
[2026-05-12T12:55:01.839+0000] {subprocess.py:93} INFO -   File "/home/***/.local/lib/python3.8/site-packages/sqlalchemy/engine/base.py", line 3371, in _wrap_pool_connect
[2026-05-12T12:55:01.840+0000] {subprocess.py:93} INFO -     return fn()
[2026-05-12T12:55:01.841+0000] {subprocess.py:93} INFO -   File "/home/***/.local/lib/python3.8/site-packages/sqlalchemy/pool/base.py", line 327, in connect
[2026-05-12T12:55:01.842+0000] {subprocess.py:93} INFO -     return _ConnectionFairy._checkout(self)
[2026-05-12T12:55:01.843+0000] {subprocess.py:93} INFO -   File "/home/***/.local/lib/python3.8/site-packages/sqlalchemy/pool/base.py", line 894, in _checkout
[2026-05-12T12:55:01.843+0000] {subprocess.py:93} INFO -     fairy = _ConnectionRecord.checkout(pool)
[2026-05-12T12:55:01.844+0000] {subprocess.py:93} INFO -   File "/home/***/.local/lib/python3.8/site-packages/sqlalchemy/pool/base.py", line 493, in checkout
[2026-05-12T12:55:01.845+0000] {subprocess.py:93} INFO -     rec = pool._do_get()
[2026-05-12T12:55:01.845+0000] {subprocess.py:93} INFO -   File "/home/***/.local/lib/python3.8/site-packages/sqlalchemy/pool/impl.py", line 146, in _do_get
[2026-05-12T12:55:01.846+0000] {subprocess.py:93} INFO -     self._dec_overflow()
[2026-05-12T12:55:01.848+0000] {subprocess.py:93} INFO -   File "/home/***/.local/lib/python3.8/site-packages/sqlalchemy/util/langhelpers.py", line 70, in __exit__
[2026-05-12T12:55:01.849+0000] {subprocess.py:93} INFO -     compat.raise_(
[2026-05-12T12:55:01.850+0000] {subprocess.py:93} INFO -   File "/home/***/.local/lib/python3.8/site-packages/sqlalchemy/util/compat.py", line 211, in raise_
[2026-05-12T12:55:01.851+0000] {subprocess.py:93} INFO -     raise exception
[2026-05-12T12:55:01.852+0000] {subprocess.py:93} INFO -   File "/home/***/.local/lib/python3.8/site-packages/sqlalchemy/pool/impl.py", line 143, in _do_get
[2026-05-12T12:55:01.853+0000] {subprocess.py:93} INFO -     return self._create_connection()
[2026-05-12T12:55:01.854+0000] {subprocess.py:93} INFO -   File "/home/***/.local/lib/python3.8/site-packages/sqlalchemy/pool/base.py", line 273, in _create_connection
[2026-05-12T12:55:01.855+0000] {subprocess.py:93} INFO -     return _ConnectionRecord(self)
[2026-05-12T12:55:01.857+0000] {subprocess.py:93} INFO -   File "/home/***/.local/lib/python3.8/site-packages/sqlalchemy/pool/base.py", line 388, in __init__
[2026-05-12T12:55:01.858+0000] {subprocess.py:93} INFO -     self.__connect()
[2026-05-12T12:55:01.858+0000] {subprocess.py:93} INFO -   File "/home/***/.local/lib/python3.8/site-packages/sqlalchemy/pool/base.py", line 691, in __connect
[2026-05-12T12:55:01.859+0000] {subprocess.py:93} INFO -     pool.logger.debug("Error on connect(): %s", e)
[2026-05-12T12:55:01.860+0000] {subprocess.py:93} INFO -   File "/home/***/.local/lib/python3.8/site-packages/sqlalchemy/util/langhelpers.py", line 70, in __exit__
[2026-05-12T12:55:01.861+0000] {subprocess.py:93} INFO -     compat.raise_(
[2026-05-12T12:55:01.862+0000] {subprocess.py:93} INFO -   File "/home/***/.local/lib/python3.8/site-packages/sqlalchemy/util/compat.py", line 211, in raise_
[2026-05-12T12:55:01.863+0000] {subprocess.py:93} INFO -     raise exception
[2026-05-12T12:55:01.864+0000] {subprocess.py:93} INFO -   File "/home/***/.local/lib/python3.8/site-packages/sqlalchemy/pool/base.py", line 686, in __connect
[2026-05-12T12:55:01.865+0000] {subprocess.py:93} INFO -     self.dbapi_connection = connection = pool._invoke_creator(self)
[2026-05-12T12:55:01.866+0000] {subprocess.py:93} INFO -   File "/home/***/.local/lib/python3.8/site-packages/sqlalchemy/engine/create.py", line 574, in connect
[2026-05-12T12:55:01.866+0000] {subprocess.py:93} INFO -     return dialect.connect(*cargs, **cparams)
[2026-05-12T12:55:01.867+0000] {subprocess.py:93} INFO -   File "/home/***/.local/lib/python3.8/site-packages/sqlalchemy/engine/default.py", line 598, in connect
[2026-05-12T12:55:01.869+0000] {subprocess.py:93} INFO -     return self.dbapi.connect(*cargs, **cparams)
[2026-05-12T12:55:01.869+0000] {subprocess.py:93} INFO -   File "/home/***/.local/lib/python3.8/site-packages/psycopg2/__init__.py", line 122, in connect
[2026-05-12T12:55:01.871+0000] {subprocess.py:93} INFO -     conn = _connect(dsn, connection_factory=connection_factory, **kwasync)
[2026-05-12T12:55:01.873+0000] {subprocess.py:93} INFO - psycopg2.OperationalError: connection to server at "***_postgres" (172.18.0.3), port 5432 failed: FATAL:  password authentication failed for user "postgres"
[2026-05-12T12:55:01.874+0000] {subprocess.py:93} INFO - 
[2026-05-12T12:55:01.875+0000] {subprocess.py:93} INFO - 
[2026-05-12T12:55:01.876+0000] {subprocess.py:93} INFO - The above exception was the direct cause of the following exception:
[2026-05-12T12:55:01.877+0000] {subprocess.py:93} INFO - 
[2026-05-12T12:55:01.878+0000] {subprocess.py:93} INFO - Traceback (most recent call last):
[2026-05-12T12:55:01.879+0000] {subprocess.py:93} INFO -   File "pipelines/ingestion/load_real_jobs.py", line 34, in <module>
[2026-05-12T12:55:01.880+0000] {subprocess.py:93} INFO -     df.to_sql(
[2026-05-12T12:55:01.881+0000] {subprocess.py:93} INFO -   File "/home/***/.local/lib/python3.8/site-packages/pandas/core/generic.py", line 2878, in to_sql
[2026-05-12T12:55:01.882+0000] {subprocess.py:93} INFO -     return sql.to_sql(
[2026-05-12T12:55:01.883+0000] {subprocess.py:93} INFO -   File "/home/***/.local/lib/python3.8/site-packages/pandas/io/sql.py", line 768, in to_sql
[2026-05-12T12:55:01.884+0000] {subprocess.py:93} INFO -     with pandasSQL_builder(con, schema=schema, need_transaction=True) as pandas_sql:
[2026-05-12T12:55:01.885+0000] {subprocess.py:93} INFO -   File "/home/***/.local/lib/python3.8/site-packages/pandas/io/sql.py", line 832, in pandasSQL_builder
[2026-05-12T12:55:01.886+0000] {subprocess.py:93} INFO -     return SQLDatabase(con, schema, need_transaction)
[2026-05-12T12:55:01.886+0000] {subprocess.py:93} INFO -   File "/home/***/.local/lib/python3.8/site-packages/pandas/io/sql.py", line 1539, in __init__
[2026-05-12T12:55:01.887+0000] {subprocess.py:93} INFO -     con = self.exit_stack.enter_context(con.connect())
[2026-05-12T12:55:01.888+0000] {subprocess.py:93} INFO -   File "/home/***/.local/lib/python3.8/site-packages/sqlalchemy/engine/base.py", line 3325, in connect
[2026-05-12T12:55:01.890+0000] {subprocess.py:93} INFO -     return self._connection_cls(self, close_with_result=close_with_result)
[2026-05-12T12:55:01.891+0000] {subprocess.py:93} INFO -   File "/home/***/.local/lib/python3.8/site-packages/sqlalchemy/engine/base.py", line 96, in __init__
[2026-05-12T12:55:01.891+0000] {subprocess.py:93} INFO -     else engine.raw_connection()
[2026-05-12T12:55:01.892+0000] {subprocess.py:93} INFO -   File "/home/***/.local/lib/python3.8/site-packages/sqlalchemy/engine/base.py", line 3404, in raw_connection
[2026-05-12T12:55:01.893+0000] {subprocess.py:93} INFO -     return self._wrap_pool_connect(self.pool.connect, _connection)
[2026-05-12T12:55:01.893+0000] {subprocess.py:93} INFO -   File "/home/***/.local/lib/python3.8/site-packages/sqlalchemy/engine/base.py", line 3374, in _wrap_pool_connect
[2026-05-12T12:55:01.894+0000] {subprocess.py:93} INFO -     Connection._handle_dbapi_exception_noconnection(
[2026-05-12T12:55:01.895+0000] {subprocess.py:93} INFO -   File "/home/***/.local/lib/python3.8/site-packages/sqlalchemy/engine/base.py", line 2208, in _handle_dbapi_exception_noconnection
[2026-05-12T12:55:01.896+0000] {subprocess.py:93} INFO -     util.raise_(
[2026-05-12T12:55:01.897+0000] {subprocess.py:93} INFO -   File "/home/***/.local/lib/python3.8/site-packages/sqlalchemy/util/compat.py", line 211, in raise_
[2026-05-12T12:55:01.898+0000] {subprocess.py:93} INFO -     raise exception
[2026-05-12T12:55:01.899+0000] {subprocess.py:93} INFO -   File "/home/***/.local/lib/python3.8/site-packages/sqlalchemy/engine/base.py", line 3371, in _wrap_pool_connect
[2026-05-12T12:55:01.900+0000] {subprocess.py:93} INFO -     return fn()
[2026-05-12T12:55:01.901+0000] {subprocess.py:93} INFO -   File "/home/***/.local/lib/python3.8/site-packages/sqlalchemy/pool/base.py", line 327, in connect
[2026-05-12T12:55:01.901+0000] {subprocess.py:93} INFO -     return _ConnectionFairy._checkout(self)
[2026-05-12T12:55:01.902+0000] {subprocess.py:93} INFO -   File "/home/***/.local/lib/python3.8/site-packages/sqlalchemy/pool/base.py", line 894, in _checkout
[2026-05-12T12:55:01.903+0000] {subprocess.py:93} INFO -     fairy = _ConnectionRecord.checkout(pool)
[2026-05-12T12:55:01.905+0000] {subprocess.py:93} INFO -   File "/home/***/.local/lib/python3.8/site-packages/sqlalchemy/pool/base.py", line 493, in checkout
[2026-05-12T12:55:01.906+0000] {subprocess.py:93} INFO -     rec = pool._do_get()
[2026-05-12T12:55:01.907+0000] {subprocess.py:93} INFO -   File "/home/***/.local/lib/python3.8/site-packages/sqlalchemy/pool/impl.py", line 146, in _do_get
[2026-05-12T12:55:01.909+0000] {subprocess.py:93} INFO -     self._dec_overflow()
[2026-05-12T12:55:01.910+0000] {subprocess.py:93} INFO -   File "/home/***/.local/lib/python3.8/site-packages/sqlalchemy/util/langhelpers.py", line 70, in __exit__
[2026-05-12T12:55:01.911+0000] {subprocess.py:93} INFO -     compat.raise_(
[2026-05-12T12:55:01.912+0000] {subprocess.py:93} INFO -   File "/home/***/.local/lib/python3.8/site-packages/sqlalchemy/util/compat.py", line 211, in raise_
[2026-05-12T12:55:01.913+0000] {subprocess.py:93} INFO -     raise exception
[2026-05-12T12:55:01.914+0000] {subprocess.py:93} INFO -   File "/home/***/.local/lib/python3.8/site-packages/sqlalchemy/pool/impl.py", line 143, in _do_get
[2026-05-12T12:55:01.915+0000] {subprocess.py:93} INFO -     return self._create_connection()
[2026-05-12T12:55:01.916+0000] {subprocess.py:93} INFO -   File "/home/***/.local/lib/python3.8/site-packages/sqlalchemy/pool/base.py", line 273, in _create_connection
[2026-05-12T12:55:01.917+0000] {subprocess.py:93} INFO -     return _ConnectionRecord(self)
[2026-05-12T12:55:01.918+0000] {subprocess.py:93} INFO -   File "/home/***/.local/lib/python3.8/site-packages/sqlalchemy/pool/base.py", line 388, in __init__
[2026-05-12T12:55:01.919+0000] {subprocess.py:93} INFO -     self.__connect()
[2026-05-12T12:55:01.920+0000] {subprocess.py:93} INFO -   File "/home/***/.local/lib/python3.8/site-packages/sqlalchemy/pool/base.py", line 691, in __connect
[2026-05-12T12:55:01.921+0000] {subprocess.py:93} INFO -     pool.logger.debug("Error on connect(): %s", e)
[2026-05-12T12:55:01.922+0000] {subprocess.py:93} INFO -   File "/home/***/.local/lib/python3.8/site-packages/sqlalchemy/util/langhelpers.py", line 70, in __exit__
[2026-05-12T12:55:01.924+0000] {subprocess.py:93} INFO -     compat.raise_(
[2026-05-12T12:55:01.925+0000] {subprocess.py:93} INFO -   File "/home/***/.local/lib/python3.8/site-packages/sqlalchemy/util/compat.py", line 211, in raise_
[2026-05-12T12:55:01.925+0000] {subprocess.py:93} INFO -     raise exception
[2026-05-12T12:55:01.926+0000] {subprocess.py:93} INFO -   File "/home/***/.local/lib/python3.8/site-packages/sqlalchemy/pool/base.py", line 686, in __connect
[2026-05-12T12:55:01.927+0000] {subprocess.py:93} INFO -     self.dbapi_connection = connection = pool._invoke_creator(self)
[2026-05-12T12:55:01.928+0000] {subprocess.py:93} INFO -   File "/home/***/.local/lib/python3.8/site-packages/sqlalchemy/engine/create.py", line 574, in connect
[2026-05-12T12:55:01.929+0000] {subprocess.py:93} INFO -     return dialect.connect(*cargs, **cparams)
[2026-05-12T12:55:01.930+0000] {subprocess.py:93} INFO -   File "/home/***/.local/lib/python3.8/site-packages/sqlalchemy/engine/default.py", line 598, in connect
[2026-05-12T12:55:01.931+0000] {subprocess.py:93} INFO -     return self.dbapi.connect(*cargs, **cparams)
[2026-05-12T12:55:01.932+0000] {subprocess.py:93} INFO -   File "/home/***/.local/lib/python3.8/site-packages/psycopg2/__init__.py", line 122, in connect
[2026-05-12T12:55:01.933+0000] {subprocess.py:93} INFO -     conn = _connect(dsn, connection_factory=connection_factory, **kwasync)
[2026-05-12T12:55:01.933+0000] {subprocess.py:93} INFO - sqlalchemy.exc.OperationalError: (psycopg2.OperationalError) connection to server at "***_postgres" (172.18.0.3), port 5432 failed: FATAL:  password authentication failed for user "postgres"
[2026-05-12T12:55:01.934+0000] {subprocess.py:93} INFO - 
[2026-05-12T12:55:01.934+0000] {subprocess.py:93} INFO - (Background on this error at: https://sqlalche.me/e/14/e3q8)
[2026-05-12T12:55:01.968+0000] {subprocess.py:97} INFO - Command exited with return code 1
[2026-05-12T12:55:01.986+0000] {taskinstance.py:2698} ERROR - Task failed with exception
Traceback (most recent call last):
  File "/home/airflow/.local/lib/python3.8/site-packages/airflow/models/taskinstance.py", line 433, in _execute_task
    result = execute_callable(context=context, **execute_callable_kwargs)
  File "/home/airflow/.local/lib/python3.8/site-packages/airflow/operators/bash.py", line 212, in execute
    raise AirflowException(
airflow.exceptions.AirflowException: Bash command failed. The command returned a non-zero exit code 1.
[2026-05-12T12:55:01.991+0000] {taskinstance.py:1138} INFO - Marking task as FAILED. dag_id=job_market_etl, task_id=ingest_jobs, execution_date=20260512T124122, start_date=20260512T125500, end_date=20260512T125501
[2026-05-12T12:55:02.022+0000] {standard_task_runner.py:107} ERROR - Failed to execute job 40 for task ingest_jobs (Bash command failed. The command returned a non-zero exit code 1.; 611)
[2026-05-12T12:55:02.052+0000] {local_task_job_runner.py:234} INFO - Task exited with return code 1
[2026-05-12T12:55:02.085+0000] {taskinstance.py:3280} INFO - 0 downstream tasks scheduled from follow-on schedule check
