[2026-05-12T12:53:05.348+0000] {taskinstance.py:1956} INFO - Dependencies all met for dep_context=non-requeueable deps ti=<TaskInstance: job_market_etl.ingest_jobs manual__2026-05-12T11:57:14.604930+00:00 [queued]>
[2026-05-12T12:53:05.363+0000] {taskinstance.py:1956} INFO - Dependencies all met for dep_context=requeueable deps ti=<TaskInstance: job_market_etl.ingest_jobs manual__2026-05-12T11:57:14.604930+00:00 [queued]>
[2026-05-12T12:53:05.364+0000] {taskinstance.py:2170} INFO - Starting attempt 3 of 3
[2026-05-12T12:53:05.383+0000] {taskinstance.py:2191} INFO - Executing <Task(BashOperator): ingest_jobs> on 2026-05-12 11:57:14.604930+00:00
[2026-05-12T12:53:05.392+0000] {standard_task_runner.py:60} INFO - Started process 439 to run task
[2026-05-12T12:53:05.397+0000] {standard_task_runner.py:87} INFO - Running: ['***', 'tasks', 'run', 'job_market_etl', 'ingest_jobs', 'manual__2026-05-12T11:57:14.604930+00:00', '--job-id', '34', '--raw', '--subdir', 'DAGS_FOLDER/job_etl_dag.py', '--cfg-path', '/tmp/tmpy8uvo2oe']
[2026-05-12T12:53:05.401+0000] {standard_task_runner.py:88} INFO - Job 34: Subtask ingest_jobs
[2026-05-12T12:53:05.504+0000] {task_command.py:423} INFO - Running <TaskInstance: job_market_etl.ingest_jobs manual__2026-05-12T11:57:14.604930+00:00 [running]> on host 4d82dcfb06ce
[2026-05-12T12:53:05.628+0000] {taskinstance.py:2480} INFO - Exporting env vars: AIRFLOW_CTX_DAG_OWNER='Rajeev' AIRFLOW_CTX_DAG_ID='job_market_etl' AIRFLOW_CTX_TASK_ID='ingest_jobs' AIRFLOW_CTX_EXECUTION_DATE='2026-05-12T11:57:14.604930+00:00' AIRFLOW_CTX_TRY_NUMBER='3' AIRFLOW_CTX_DAG_RUN_ID='manual__2026-05-12T11:57:14.604930+00:00'
[2026-05-12T12:53:05.629+0000] {subprocess.py:63} INFO - Tmp dir root location: /tmp
[2026-05-12T12:53:05.632+0000] {subprocess.py:75} INFO - Running command: ['/usr/bin/bash', '-c', 'cd /opt/***/project && python pipelines/ingestion/load_real_jobs.py']
[2026-05-12T12:53:05.647+0000] {subprocess.py:86} INFO - Output:
[2026-05-12T12:53:06.835+0000] {subprocess.py:93} INFO - Traceback (most recent call last):
[2026-05-12T12:53:06.836+0000] {subprocess.py:93} INFO -   File "/home/***/.local/lib/python3.8/site-packages/sqlalchemy/engine/base.py", line 3371, in _wrap_pool_connect
[2026-05-12T12:53:06.838+0000] {subprocess.py:93} INFO -     return fn()
[2026-05-12T12:53:06.840+0000] {subprocess.py:93} INFO -   File "/home/***/.local/lib/python3.8/site-packages/sqlalchemy/pool/base.py", line 327, in connect
[2026-05-12T12:53:06.841+0000] {subprocess.py:93} INFO -     return _ConnectionFairy._checkout(self)
[2026-05-12T12:53:06.842+0000] {subprocess.py:93} INFO -   File "/home/***/.local/lib/python3.8/site-packages/sqlalchemy/pool/base.py", line 894, in _checkout
[2026-05-12T12:53:06.844+0000] {subprocess.py:93} INFO -     fairy = _ConnectionRecord.checkout(pool)
[2026-05-12T12:53:06.845+0000] {subprocess.py:93} INFO -   File "/home/***/.local/lib/python3.8/site-packages/sqlalchemy/pool/base.py", line 493, in checkout
[2026-05-12T12:53:06.846+0000] {subprocess.py:93} INFO -     rec = pool._do_get()
[2026-05-12T12:53:06.847+0000] {subprocess.py:93} INFO -   File "/home/***/.local/lib/python3.8/site-packages/sqlalchemy/pool/impl.py", line 146, in _do_get
[2026-05-12T12:53:06.849+0000] {subprocess.py:93} INFO -     self._dec_overflow()
[2026-05-12T12:53:06.850+0000] {subprocess.py:93} INFO -   File "/home/***/.local/lib/python3.8/site-packages/sqlalchemy/util/langhelpers.py", line 70, in __exit__
[2026-05-12T12:53:06.851+0000] {subprocess.py:93} INFO -     compat.raise_(
[2026-05-12T12:53:06.852+0000] {subprocess.py:93} INFO -   File "/home/***/.local/lib/python3.8/site-packages/sqlalchemy/util/compat.py", line 211, in raise_
[2026-05-12T12:53:06.854+0000] {subprocess.py:93} INFO -     raise exception
[2026-05-12T12:53:06.856+0000] {subprocess.py:93} INFO -   File "/home/***/.local/lib/python3.8/site-packages/sqlalchemy/pool/impl.py", line 143, in _do_get
[2026-05-12T12:53:06.857+0000] {subprocess.py:93} INFO -     return self._create_connection()
[2026-05-12T12:53:06.860+0000] {subprocess.py:93} INFO -   File "/home/***/.local/lib/python3.8/site-packages/sqlalchemy/pool/base.py", line 273, in _create_connection
[2026-05-12T12:53:06.861+0000] {subprocess.py:93} INFO -     return _ConnectionRecord(self)
[2026-05-12T12:53:06.862+0000] {subprocess.py:93} INFO -   File "/home/***/.local/lib/python3.8/site-packages/sqlalchemy/pool/base.py", line 388, in __init__
[2026-05-12T12:53:06.864+0000] {subprocess.py:93} INFO -     self.__connect()
[2026-05-12T12:53:06.865+0000] {subprocess.py:93} INFO -   File "/home/***/.local/lib/python3.8/site-packages/sqlalchemy/pool/base.py", line 691, in __connect
[2026-05-12T12:53:06.866+0000] {subprocess.py:93} INFO -     pool.logger.debug("Error on connect(): %s", e)
[2026-05-12T12:53:06.867+0000] {subprocess.py:93} INFO -   File "/home/***/.local/lib/python3.8/site-packages/sqlalchemy/util/langhelpers.py", line 70, in __exit__
[2026-05-12T12:53:06.868+0000] {subprocess.py:93} INFO -     compat.raise_(
[2026-05-12T12:53:06.869+0000] {subprocess.py:93} INFO -   File "/home/***/.local/lib/python3.8/site-packages/sqlalchemy/util/compat.py", line 211, in raise_
[2026-05-12T12:53:06.870+0000] {subprocess.py:93} INFO -     raise exception
[2026-05-12T12:53:06.872+0000] {subprocess.py:93} INFO -   File "/home/***/.local/lib/python3.8/site-packages/sqlalchemy/pool/base.py", line 686, in __connect
[2026-05-12T12:53:06.873+0000] {subprocess.py:93} INFO -     self.dbapi_connection = connection = pool._invoke_creator(self)
[2026-05-12T12:53:06.874+0000] {subprocess.py:93} INFO -   File "/home/***/.local/lib/python3.8/site-packages/sqlalchemy/engine/create.py", line 574, in connect
[2026-05-12T12:53:06.876+0000] {subprocess.py:93} INFO -     return dialect.connect(*cargs, **cparams)
[2026-05-12T12:53:06.877+0000] {subprocess.py:93} INFO -   File "/home/***/.local/lib/python3.8/site-packages/sqlalchemy/engine/default.py", line 598, in connect
[2026-05-12T12:53:06.878+0000] {subprocess.py:93} INFO -     return self.dbapi.connect(*cargs, **cparams)
[2026-05-12T12:53:06.880+0000] {subprocess.py:93} INFO -   File "/home/***/.local/lib/python3.8/site-packages/psycopg2/__init__.py", line 122, in connect
[2026-05-12T12:53:06.881+0000] {subprocess.py:93} INFO -     conn = _connect(dsn, connection_factory=connection_factory, **kwasync)
[2026-05-12T12:53:06.882+0000] {subprocess.py:93} INFO - psycopg2.OperationalError: connection to server at "***_postgres" (172.18.0.3), port 5432 failed: FATAL:  password authentication failed for user "postgres"
[2026-05-12T12:53:06.884+0000] {subprocess.py:93} INFO - 
[2026-05-12T12:53:06.885+0000] {subprocess.py:93} INFO - 
[2026-05-12T12:53:06.887+0000] {subprocess.py:93} INFO - The above exception was the direct cause of the following exception:
[2026-05-12T12:53:06.889+0000] {subprocess.py:93} INFO - 
[2026-05-12T12:53:06.890+0000] {subprocess.py:93} INFO - Traceback (most recent call last):
[2026-05-12T12:53:06.894+0000] {subprocess.py:93} INFO -   File "pipelines/ingestion/load_real_jobs.py", line 34, in <module>
[2026-05-12T12:53:06.898+0000] {subprocess.py:93} INFO -     df.to_sql(
[2026-05-12T12:53:06.899+0000] {subprocess.py:93} INFO -   File "/home/***/.local/lib/python3.8/site-packages/pandas/core/generic.py", line 2878, in to_sql
[2026-05-12T12:53:06.901+0000] {subprocess.py:93} INFO -     return sql.to_sql(
[2026-05-12T12:53:06.902+0000] {subprocess.py:93} INFO -   File "/home/***/.local/lib/python3.8/site-packages/pandas/io/sql.py", line 768, in to_sql
[2026-05-12T12:53:06.903+0000] {subprocess.py:93} INFO -     with pandasSQL_builder(con, schema=schema, need_transaction=True) as pandas_sql:
[2026-05-12T12:53:06.906+0000] {subprocess.py:93} INFO -   File "/home/***/.local/lib/python3.8/site-packages/pandas/io/sql.py", line 832, in pandasSQL_builder
[2026-05-12T12:53:06.908+0000] {subprocess.py:93} INFO -     return SQLDatabase(con, schema, need_transaction)
[2026-05-12T12:53:06.909+0000] {subprocess.py:93} INFO -   File "/home/***/.local/lib/python3.8/site-packages/pandas/io/sql.py", line 1539, in __init__
[2026-05-12T12:53:06.910+0000] {subprocess.py:93} INFO -     con = self.exit_stack.enter_context(con.connect())
[2026-05-12T12:53:06.912+0000] {subprocess.py:93} INFO -   File "/home/***/.local/lib/python3.8/site-packages/sqlalchemy/engine/base.py", line 3325, in connect
[2026-05-12T12:53:06.913+0000] {subprocess.py:93} INFO -     return self._connection_cls(self, close_with_result=close_with_result)
[2026-05-12T12:53:06.914+0000] {subprocess.py:93} INFO -   File "/home/***/.local/lib/python3.8/site-packages/sqlalchemy/engine/base.py", line 96, in __init__
[2026-05-12T12:53:06.916+0000] {subprocess.py:93} INFO -     else engine.raw_connection()
[2026-05-12T12:53:06.917+0000] {subprocess.py:93} INFO -   File "/home/***/.local/lib/python3.8/site-packages/sqlalchemy/engine/base.py", line 3404, in raw_connection
[2026-05-12T12:53:06.918+0000] {subprocess.py:93} INFO -     return self._wrap_pool_connect(self.pool.connect, _connection)
[2026-05-12T12:53:06.919+0000] {subprocess.py:93} INFO -   File "/home/***/.local/lib/python3.8/site-packages/sqlalchemy/engine/base.py", line 3374, in _wrap_pool_connect
[2026-05-12T12:53:06.921+0000] {subprocess.py:93} INFO -     Connection._handle_dbapi_exception_noconnection(
[2026-05-12T12:53:06.923+0000] {subprocess.py:93} INFO -   File "/home/***/.local/lib/python3.8/site-packages/sqlalchemy/engine/base.py", line 2208, in _handle_dbapi_exception_noconnection
[2026-05-12T12:53:06.925+0000] {subprocess.py:93} INFO -     util.raise_(
[2026-05-12T12:53:06.926+0000] {subprocess.py:93} INFO -   File "/home/***/.local/lib/python3.8/site-packages/sqlalchemy/util/compat.py", line 211, in raise_
[2026-05-12T12:53:06.927+0000] {subprocess.py:93} INFO -     raise exception
[2026-05-12T12:53:06.929+0000] {subprocess.py:93} INFO -   File "/home/***/.local/lib/python3.8/site-packages/sqlalchemy/engine/base.py", line 3371, in _wrap_pool_connect
[2026-05-12T12:53:06.930+0000] {subprocess.py:93} INFO -     return fn()
[2026-05-12T12:53:06.931+0000] {subprocess.py:93} INFO -   File "/home/***/.local/lib/python3.8/site-packages/sqlalchemy/pool/base.py", line 327, in connect
[2026-05-12T12:53:06.932+0000] {subprocess.py:93} INFO -     return _ConnectionFairy._checkout(self)
[2026-05-12T12:53:06.933+0000] {subprocess.py:93} INFO -   File "/home/***/.local/lib/python3.8/site-packages/sqlalchemy/pool/base.py", line 894, in _checkout
[2026-05-12T12:53:06.934+0000] {subprocess.py:93} INFO -     fairy = _ConnectionRecord.checkout(pool)
[2026-05-12T12:53:06.936+0000] {subprocess.py:93} INFO -   File "/home/***/.local/lib/python3.8/site-packages/sqlalchemy/pool/base.py", line 493, in checkout
[2026-05-12T12:53:06.938+0000] {subprocess.py:93} INFO -     rec = pool._do_get()
[2026-05-12T12:53:06.942+0000] {subprocess.py:93} INFO -   File "/home/***/.local/lib/python3.8/site-packages/sqlalchemy/pool/impl.py", line 146, in _do_get
[2026-05-12T12:53:06.944+0000] {subprocess.py:93} INFO -     self._dec_overflow()
[2026-05-12T12:53:06.945+0000] {subprocess.py:93} INFO -   File "/home/***/.local/lib/python3.8/site-packages/sqlalchemy/util/langhelpers.py", line 70, in __exit__
[2026-05-12T12:53:06.946+0000] {subprocess.py:93} INFO -     compat.raise_(
[2026-05-12T12:53:06.947+0000] {subprocess.py:93} INFO -   File "/home/***/.local/lib/python3.8/site-packages/sqlalchemy/util/compat.py", line 211, in raise_
[2026-05-12T12:53:06.949+0000] {subprocess.py:93} INFO -     raise exception
[2026-05-12T12:53:06.950+0000] {subprocess.py:93} INFO -   File "/home/***/.local/lib/python3.8/site-packages/sqlalchemy/pool/impl.py", line 143, in _do_get
[2026-05-12T12:53:06.951+0000] {subprocess.py:93} INFO -     return self._create_connection()
[2026-05-12T12:53:06.952+0000] {subprocess.py:93} INFO -   File "/home/***/.local/lib/python3.8/site-packages/sqlalchemy/pool/base.py", line 273, in _create_connection
[2026-05-12T12:53:06.953+0000] {subprocess.py:93} INFO -     return _ConnectionRecord(self)
[2026-05-12T12:53:06.954+0000] {subprocess.py:93} INFO -   File "/home/***/.local/lib/python3.8/site-packages/sqlalchemy/pool/base.py", line 388, in __init__
[2026-05-12T12:53:06.956+0000] {subprocess.py:93} INFO -     self.__connect()
[2026-05-12T12:53:06.957+0000] {subprocess.py:93} INFO -   File "/home/***/.local/lib/python3.8/site-packages/sqlalchemy/pool/base.py", line 691, in __connect
[2026-05-12T12:53:06.959+0000] {subprocess.py:93} INFO -     pool.logger.debug("Error on connect(): %s", e)
[2026-05-12T12:53:06.960+0000] {subprocess.py:93} INFO -   File "/home/***/.local/lib/python3.8/site-packages/sqlalchemy/util/langhelpers.py", line 70, in __exit__
[2026-05-12T12:53:06.961+0000] {subprocess.py:93} INFO -     compat.raise_(
[2026-05-12T12:53:06.962+0000] {subprocess.py:93} INFO -   File "/home/***/.local/lib/python3.8/site-packages/sqlalchemy/util/compat.py", line 211, in raise_
[2026-05-12T12:53:06.964+0000] {subprocess.py:93} INFO -     raise exception
[2026-05-12T12:53:06.965+0000] {subprocess.py:93} INFO -   File "/home/***/.local/lib/python3.8/site-packages/sqlalchemy/pool/base.py", line 686, in __connect
[2026-05-12T12:53:06.967+0000] {subprocess.py:93} INFO -     self.dbapi_connection = connection = pool._invoke_creator(self)
[2026-05-12T12:53:06.968+0000] {subprocess.py:93} INFO -   File "/home/***/.local/lib/python3.8/site-packages/sqlalchemy/engine/create.py", line 574, in connect
[2026-05-12T12:53:06.970+0000] {subprocess.py:93} INFO -     return dialect.connect(*cargs, **cparams)
[2026-05-12T12:53:06.972+0000] {subprocess.py:93} INFO -   File "/home/***/.local/lib/python3.8/site-packages/sqlalchemy/engine/default.py", line 598, in connect
[2026-05-12T12:53:06.973+0000] {subprocess.py:93} INFO -     return self.dbapi.connect(*cargs, **cparams)
[2026-05-12T12:53:06.974+0000] {subprocess.py:93} INFO -   File "/home/***/.local/lib/python3.8/site-packages/psycopg2/__init__.py", line 122, in connect
[2026-05-12T12:53:06.977+0000] {subprocess.py:93} INFO -     conn = _connect(dsn, connection_factory=connection_factory, **kwasync)
[2026-05-12T12:53:06.978+0000] {subprocess.py:93} INFO - sqlalchemy.exc.OperationalError: (psycopg2.OperationalError) connection to server at "***_postgres" (172.18.0.3), port 5432 failed: FATAL:  password authentication failed for user "postgres"
[2026-05-12T12:53:06.979+0000] {subprocess.py:93} INFO - 
[2026-05-12T12:53:06.980+0000] {subprocess.py:93} INFO - (Background on this error at: https://sqlalche.me/e/14/e3q8)
[2026-05-12T12:53:07.094+0000] {subprocess.py:97} INFO - Command exited with return code 1
[2026-05-12T12:53:07.143+0000] {taskinstance.py:2698} ERROR - Task failed with exception
Traceback (most recent call last):
  File "/home/airflow/.local/lib/python3.8/site-packages/airflow/models/taskinstance.py", line 433, in _execute_task
    result = execute_callable(context=context, **execute_callable_kwargs)
  File "/home/airflow/.local/lib/python3.8/site-packages/airflow/operators/bash.py", line 212, in execute
    raise AirflowException(
airflow.exceptions.AirflowException: Bash command failed. The command returned a non-zero exit code 1.
[2026-05-12T12:53:07.150+0000] {taskinstance.py:1138} INFO - Marking task as FAILED. dag_id=job_market_etl, task_id=ingest_jobs, execution_date=20260512T115714, start_date=20260512T125305, end_date=20260512T125307
[2026-05-12T12:53:07.187+0000] {standard_task_runner.py:107} ERROR - Failed to execute job 34 for task ingest_jobs (Bash command failed. The command returned a non-zero exit code 1.; 439)
[2026-05-12T12:53:07.228+0000] {local_task_job_runner.py:234} INFO - Task exited with return code 1
[2026-05-12T12:53:07.268+0000] {taskinstance.py:3280} INFO - 0 downstream tasks scheduled from follow-on schedule check
