[2026-05-13T16:05:11.464+0000] {taskinstance.py:1956} INFO - Dependencies all met for dep_context=non-requeueable deps ti=<TaskInstance: job_market_etl.transform_jobs manual__2026-05-13T16:04:57.169211+00:00 [queued]>
[2026-05-13T16:05:11.476+0000] {taskinstance.py:1956} INFO - Dependencies all met for dep_context=requeueable deps ti=<TaskInstance: job_market_etl.transform_jobs manual__2026-05-13T16:04:57.169211+00:00 [queued]>
[2026-05-13T16:05:11.477+0000] {taskinstance.py:2170} INFO - Starting attempt 1 of 1
[2026-05-13T16:05:11.494+0000] {taskinstance.py:2191} INFO - Executing <Task(BashOperator): transform_jobs> on 2026-05-13 16:04:57.169211+00:00
[2026-05-13T16:05:11.503+0000] {standard_task_runner.py:60} INFO - Started process 147 to run task
[2026-05-13T16:05:11.509+0000] {standard_task_runner.py:87} INFO - Running: ['***', 'tasks', 'run', 'job_market_etl', 'transform_jobs', 'manual__2026-05-13T16:04:57.169211+00:00', '--job-id', '9', '--raw', '--subdir', 'DAGS_FOLDER/job_etl_dag.py', '--cfg-path', '/tmp/tmpatiulh65']
[2026-05-13T16:05:11.513+0000] {standard_task_runner.py:88} INFO - Job 9: Subtask transform_jobs
[2026-05-13T16:05:11.615+0000] {task_command.py:423} INFO - Running <TaskInstance: job_market_etl.transform_jobs manual__2026-05-13T16:04:57.169211+00:00 [running]> on host 57064b221e7b
[2026-05-13T16:05:11.746+0000] {taskinstance.py:2480} INFO - Exporting env vars: AIRFLOW_CTX_DAG_OWNER='Rajeev' AIRFLOW_CTX_DAG_ID='job_market_etl' AIRFLOW_CTX_TASK_ID='transform_jobs' AIRFLOW_CTX_EXECUTION_DATE='2026-05-13T16:04:57.169211+00:00' AIRFLOW_CTX_TRY_NUMBER='1' AIRFLOW_CTX_DAG_RUN_ID='manual__2026-05-13T16:04:57.169211+00:00'
[2026-05-13T16:05:11.748+0000] {subprocess.py:63} INFO - Tmp dir root location: /tmp
[2026-05-13T16:05:11.751+0000] {subprocess.py:75} INFO - Running command: ['/usr/bin/bash', '-c', '\n        cd /opt/***/project &&\n        python pipelines/transformation/transform_jobs.py\n        ']
[2026-05-13T16:05:11.766+0000] {subprocess.py:86} INFO - Output:
[2026-05-13T16:05:11.809+0000] {subprocess.py:93} INFO - python: can't open file 'pipelines/transformation/transform_jobs.py': [Errno 2] No such file or directory
[2026-05-13T16:05:11.815+0000] {subprocess.py:97} INFO - Command exited with return code 2
[2026-05-13T16:05:11.834+0000] {taskinstance.py:2698} ERROR - Task failed with exception
Traceback (most recent call last):
  File "/home/airflow/.local/lib/python3.8/site-packages/airflow/models/taskinstance.py", line 433, in _execute_task
    result = execute_callable(context=context, **execute_callable_kwargs)
  File "/home/airflow/.local/lib/python3.8/site-packages/airflow/operators/bash.py", line 212, in execute
    raise AirflowException(
airflow.exceptions.AirflowException: Bash command failed. The command returned a non-zero exit code 2.
[2026-05-13T16:05:11.841+0000] {taskinstance.py:1138} INFO - Marking task as FAILED. dag_id=job_market_etl, task_id=transform_jobs, execution_date=20260513T160457, start_date=20260513T160511, end_date=20260513T160511
[2026-05-13T16:05:11.863+0000] {standard_task_runner.py:107} ERROR - Failed to execute job 9 for task transform_jobs (Bash command failed. The command returned a non-zero exit code 2.; 147)
[2026-05-13T16:05:11.885+0000] {local_task_job_runner.py:234} INFO - Task exited with return code 1
[2026-05-13T16:05:11.912+0000] {taskinstance.py:3280} INFO - 0 downstream tasks scheduled from follow-on schedule check
